 c03_dispatch

 Timestamp is 6a554f6a (Mon Jul 13 15:49:46 2026)

 Preferred load address is 0000000140000000

 Start         Length     Name                   Class
 0001:00000000 0000cff0H .text$mn                CODE
 0001:0000cff0 00000060H .text$mn$00             CODE
 0001:0000d050 00000c40H .text$mn$21             CODE
 0001:0000dc90 00000430H .text$x                 CODE
 0002:00000000 00000260H .idata$5                DATA
 0002:00000260 00000038H .00cfg                  DATA
 0002:00000298 00000008H .CRT$XCA                DATA
 0002:000002a0 00000008H .CRT$XCAA               DATA
 0002:000002a8 00000008H .CRT$XCZ                DATA
 0002:000002b0 00000008H .CRT$XIA                DATA
 0002:000002b8 00000008H .CRT$XIAA               DATA
 0002:000002c0 00000008H .CRT$XIAC               DATA
 0002:000002c8 00000020H .CRT$XIC                DATA
 0002:000002e8 00000008H .CRT$XIZ                DATA
 0002:000002f0 00000008H .CRT$XPA                DATA
 0002:000002f8 00000010H .CRT$XPX                DATA
 0002:00000308 00000008H .CRT$XPXA               DATA
 0002:00000310 00000008H .CRT$XPZ                DATA
 0002:00000318 00000008H .CRT$XTA                DATA
 0002:00000320 00000010H .CRT$XTZ                DATA
 0002:00000328 00000000H .gehcont$y              DATA
 0002:00000328 00000000H .gfids$y                DATA
 0002:00000330 00007730H .rdata                  DATA
 0002:00007a60 000001a0H .rdata$00               DATA
 0002:00007c00 00000000H .rdata$CastGuardVftablesA DATA
 0002:00007c00 00000000H .rdata$CastGuardVftablesC DATA
 0002:00007c00 0000016cH .rdata$r                DATA
 0002:00007d6c 00000104H .rdata$voltmd           DATA
 0002:00007e70 00000348H .rdata$zzzdbg           DATA
 0002:000081b8 00000008H .rtc$IAA                DATA
 0002:000081c0 00000008H .rtc$IZZ                DATA
 0002:000081c8 00000008H .rtc$TAA                DATA
 0002:000081d0 00000008H .rtc$TZZ                DATA
 0002:000081d8 00000e28H .xdata                  DATA
 0002:00009000 00000084H .xdata$x                DATA
 0002:00009084 00000000H .edata                  DATA
 0002:00009084 00000014H .idata$2                DATA
 0002:00009098 00000018H .idata$3                DATA
 0002:000090b0 00000260H .idata$4                DATA
 0002:00009310 00000582H .idata$6                DATA
 0003:00000000 00000a60H .data                   DATA
 0003:00000a60 00000050H .data$r                 DATA
 0003:00000ab0 00000020H .data$rs                DATA
 0003:00000ad0 000010a8H .bss                    DATA
 0004:00000000 00000f84H .pdata                  DATA
 0005:00000000 00000100H .fptable                DATA

  Address         Publics by Value              Rva+Base               Lib:Object

 0000:00000000       __AbsoluteZero             0000000000000000     <absolute>
 0000:00000000       ___safe_se_handler_count   0000000000000000     <absolute>
 0000:00000000       ___safe_se_handler_table   0000000000000000     <absolute>
 0000:00000000       __arm64x_extra_rfe_table   0000000000000000     <absolute>
 0000:00000000       __arm64x_extra_rfe_table_size 0000000000000000     <absolute>
 0000:00000000       __arm64x_native_entrypoint 0000000000000000     <absolute>
 0000:00000000       __arm64x_redirection_metadata 0000000000000000     <absolute>
 0000:00000000       __arm64x_redirection_metadata_count 0000000000000000     <absolute>
 0000:00000000       __dynamic_value_reloc_table 0000000000000000     <absolute>
 0000:00000000       __enclave_config           0000000000000000     <absolute>
 0000:00000000       __guard_check_icall_a64n_fptr 0000000000000000     <absolute>
 0000:00000000       __guard_eh_cont_count      0000000000000000     <absolute>
 0000:00000000       __guard_eh_cont_table      0000000000000000     <absolute>
 0000:00000000       __guard_fids_count         0000000000000000     <absolute>
 0000:00000000       __guard_fids_table         0000000000000000     <absolute>
 0000:00000000       __guard_iat_count          0000000000000000     <absolute>
 0000:00000000       __guard_iat_table          0000000000000000     <absolute>
 0000:00000000       __guard_longjmp_count      0000000000000000     <absolute>
 0000:00000000       __guard_longjmp_table      0000000000000000     <absolute>
 0000:00000000       __hybrid_auxiliary_delayload_iat 0000000000000000     <absolute>
 0000:00000000       __hybrid_auxiliary_delayload_iat_copy 0000000000000000     <absolute>
 0000:00000000       __hybrid_auxiliary_iat     0000000000000000     <absolute>
 0000:00000000       __hybrid_auxiliary_iat_copy 0000000000000000     <absolute>
 0000:00000000       __hybrid_code_map          0000000000000000     <absolute>
 0000:00000000       __hybrid_code_map_count    0000000000000000     <absolute>
 0000:00000000       __hybrid_image_info_bitfield 0000000000000000     <absolute>
 0000:00000000       __x64_code_ranges_to_entry_points 0000000000000000     <absolute>
 0000:00000000       __x64_code_ranges_to_entry_points_count 0000000000000000     <absolute>
 0000:00000100       __guard_flags              0000000000000100     <absolute>
 0000:00000000       __ImageBase                0000000140000000     <linker-defined>
 0001:00000000       classify                   0000000140001000 f   c03_dispatch.obj
 0001:00000020       dispatch                   0000000140001020 f   c03_dispatch.obj
 0001:0000005c       main                       000000014000105c f   c03_dispatch.obj
 0001:000002dc       mainCRTStartup             00000001400012dc f   LIBCMT:exe_main.obj
 0001:000002f0       __scrt_acquire_startup_lock 00000001400012f0 f   LIBCMT:utility.obj
 0001:0000032c       __scrt_initialize_crt      000000014000132c f   LIBCMT:utility.obj
 0001:00000368       __scrt_initialize_onexit_tables 0000000140001368 f   LIBCMT:utility.obj
 0001:000003f4       __scrt_is_nonwritable_in_current_image 00000001400013f4 f   LIBCMT:utility.obj
 0001:0000048c       __scrt_release_startup_lock 000000014000148c f   LIBCMT:utility.obj
 0001:000004b0       __scrt_uninitialize_crt    00000001400014b0 f   LIBCMT:utility.obj
 0001:000004dc       _onexit                    00000001400014dc f   LIBCMT:utility.obj
 0001:00000518       atexit                     0000000140001518 f   LIBCMT:utility.obj
 0001:00000530       __security_init_cookie     0000000140001530 f   LIBCMT:gs_support.obj
 0001:000005e0       __scrt_exe_initialize_mta  00000001400015e0 f   LIBCMT:utility_desktop.obj
 0001:000005e0       __scrt_initialize_winrt    00000001400015e0 f   LIBCMT:utility_desktop.obj
 0001:000005e0       __scrt_stub_for_initialize_mta 00000001400015e0 f   LIBCMT:utility_desktop.obj
 0001:000005e0       _get_startup_commit_mode   00000001400015e0 f   LIBCMT:commit_mode.obj
 0001:000005e0       _get_startup_new_mode      00000001400015e0 f   LIBCMT:new_mode.obj
 0001:000005e0       _get_startup_thread_locale_mode 00000001400015e0 f   LIBCMT:thread_locale.obj
 0001:000005e0       _matherr                   00000001400015e0 f   LIBCMT:matherr.obj
 0001:000005e4       _get_startup_argv_mode     00000001400015e4 f   LIBCMT:argv_mode.obj
 0001:000005ec       _get_startup_file_mode     00000001400015ec f   LIBCMT:file_mode.obj
 0001:000005f4       ?__scrt_initialize_type_info@@YAXXZ 00000001400015f4 f   LIBCMT:tncleanup.obj
 0001:00000604       __acrt_uninitialize_command_line 0000000140001604 f   libucrt:argv_data.obj
 0001:00000604       _should_initialize_environment 0000000140001604 f   LIBCMT:env_mode.obj
 0001:00000608       _guard_check_icall_nop     0000000140001608 f   LIBCMT:guard_support.obj
 0001:00000608       _initialize_denormal_control 0000000140001608 f   LIBCMT:denormal_control.obj
 0001:00000608       _initialize_invalid_parameter_handler 0000000140001608 f   LIBCMT:invalid_parameter_handler.obj
 0001:0000060c       __local_stdio_printf_options 000000014000160c f i LIBCMT:default_local_stdio_options.obj
 0001:00000614       __local_stdio_scanf_options 0000000140001614 f i LIBCMT:default_local_stdio_options.obj
 0001:0000061c       __scrt_initialize_default_local_stdio_options 000000014000161c f   LIBCMT:default_local_stdio_options.obj
 0001:00000638       __scrt_is_user_matherr_present 0000000140001638 f   LIBCMT:matherr_detection.obj
 0001:00000644       __scrt_get_dyn_tls_init_callback 0000000140001644 f   LIBCMT:dyn_tls_init.obj
 0001:0000064c       __scrt_get_dyn_tls_dtor_callback 000000014000164c f   LIBCMT:dyn_tls_dtor.obj
 0001:00000654       __crt_debugger_hook        0000000140001654 f   LIBCMT:utility_desktop.obj
 0001:00000660       __scrt_fastfail            0000000140001660 f   LIBCMT:utility_desktop.obj
 0001:000007ac       __scrt_initialize_mta      00000001400017ac f   LIBCMT:utility_desktop.obj
 0001:000007b4       __scrt_is_managed_app      00000001400017b4 f   LIBCMT:utility_desktop.obj
 0001:00000808       __scrt_set_unhandled_exception_filter 0000000140001808 f   LIBCMT:utility_desktop.obj
 0001:00000818       __scrt_unhandled_exception_filter 0000000140001818 f   LIBCMT:utility_desktop.obj
 0001:0000087c       _RTC_Initialize            000000014000187c f   LIBCMT:initsect.obj
 0001:000008b8       _RTC_Terminate             00000001400018b8 f   LIBCMT:initsect.obj
 0001:000008f4       __isa_available_init       00000001400018f4 f   LIBCMT:cpu_disp.obj
 0001:00000b8c       __scrt_is_ucrt_dll_in_use  0000000140001b8c f   LIBCMT:ucrt_detection.obj
 0001:00000ba0       __C_specific_handler       0000000140001ba0 f   libvcruntime:riscchandler.obj
 0001:00000db8       __vcrt_initialize          0000000140001db8 f   libvcruntime:initialization.obj
 0001:00000de0       __vcrt_uninitialize        0000000140001de0 f   libvcruntime:initialization.obj
 0001:00000dfc       __std_type_info_compare    0000000140001dfc f   libvcruntime:std_type_info.obj
 0001:00000e14       __DestructExceptionObject  0000000140001e14 f   libvcruntime:ehhelpers.obj
 0001:00000e88       ?_CallMemberFunction0@@YAXQEAX0@Z 0000000140001e88 f i libvcruntime:ehhelpers.obj
 0001:00000e8c       _IsExceptionObjectToBeDestroyed 0000000140001e8c f   libvcruntime:ehhelpers.obj
 0001:00000ebc       __AdjustPointer            0000000140001ebc f   libvcruntime:ehhelpers.obj
 0001:00000ee0       __FrameUnwindFilter        0000000140001ee0 f   libvcruntime:ehhelpers.obj
 0001:00000f48       __current_exception        0000000140001f48 f   libvcruntime:ehhelpers.obj
 0001:00000f5c       __current_exception_context 0000000140001f5c f   libvcruntime:ehhelpers.obj
 0001:00000f70       __std_terminate            0000000140001f70 f   libvcruntime:ehhelpers.obj
 0001:00000fb0       _NLG_Notify                0000000140001fb0 f   libvcruntime:notify.obj
 0001:00000fd0       __NLG_Dispatch2            0000000140001fd0 f   libvcruntime:notify.obj
 0001:00000fe0       __NLG_Return2              0000000140001fe0 f   libvcruntime:notify.obj
 0001:00000fe4       __except_validate_context_record 0000000140001fe4 f   libvcruntime:jbcxrval.obj
 0001:0000101c       __vcrt_freefls             000000014000201c f   libvcruntime:per_thread_data.obj
 0001:0000103c       __vcrt_getptd              000000014000203c f   libvcruntime:per_thread_data.obj
 0001:00001058       __vcrt_getptd_noexit       0000000140002058 f   libvcruntime:per_thread_data.obj
 0001:00001124       __vcrt_initialize_ptd      0000000140002124 f   libvcruntime:per_thread_data.obj
 0001:0000116c       __vcrt_uninitialize_ptd    000000014000216c f   libvcruntime:per_thread_data.obj
 0001:00001194       __vcrt_initialize_locks    0000000140002194 f   libvcruntime:locks.obj
 0001:000011dc       __vcrt_uninitialize_locks  00000001400021dc f   libvcruntime:locks.obj
 0001:00001364       __vcrt_FlsAlloc            0000000140002364 f   libvcruntime:winapi_downlevel.obj
 0001:000013ac       __vcrt_FlsFree             00000001400023ac f   libvcruntime:winapi_downlevel.obj
 0001:000013f4       __vcrt_FlsGetValue         00000001400023f4 f   libvcruntime:winapi_downlevel.obj
 0001:0000143c       __vcrt_FlsSetValue         000000014000243c f   libvcruntime:winapi_downlevel.obj
 0001:00001490       __vcrt_InitializeCriticalSectionEx 0000000140002490 f   libvcruntime:winapi_downlevel.obj
 0001:000014f4       ??$_CallSETranslator@V__FrameHandler3@@@@YAHPEAUEHExceptionRecord@@PEA_KPEAU_CONTEXT@@PEAU_xDISPATCHER_CONTEXT@@PEBU_s_FuncInfo@@K1H@Z 00000001400024f4 f i libvcruntime:risctrnsctrl.obj
 0001:00001548       ?CatchTryBlock@__FrameHandler3@@SAPEBU_s_TryBlockMapEntry@@PEBU_s_FuncInfo@@H@Z 0000000140002548 f   libvcruntime:risctrnsctrl.obj
 0001:000015ac       ?ExecutionInCatch@__FrameHandler3@@SA_NPEAU_xDISPATCHER_CONTEXT@@PEBU_s_FuncInfo@@@Z 00000001400025ac f   libvcruntime:risctrnsctrl.obj
 0001:000015d8       ?FrameUnwindToEmptyState@__FrameHandler3@@SAXPEA_KPEAU_xDISPATCHER_CONTEXT@@PEBU_s_FuncInfo@@@Z 00000001400025d8 f   libvcruntime:risctrnsctrl.obj
 0001:0000163c       ?GetEstablisherFrame@__FrameHandler3@@SAPEA_KPEA_KPEAU_xDISPATCHER_CONTEXT@@PEBU_s_FuncInfo@@0@Z 000000014000263c f   libvcruntime:risctrnsctrl.obj
 0001:00001724       ?GetRangeOfTrysToCheck@__FrameHandler3@@SA?AU?$pair@Viterator@TryBlockMap@__FrameHandler3@@V123@@std@@AEAVTryBlockMap@1@HPEAU_xDISPATCHER_CONTEXT@@PEBU_s_FuncInfo@@H@Z 0000000140002724 f   libvcruntime:risctrnsctrl.obj
 0001:0000185c       ?UnwindNestedFrames@__FrameHandler3@@SAXPEA_KPEAUEHExceptionRecord@@PEAU_CONTEXT@@0PEAXPEBU_s_FuncInfo@@HHPEBU_s_HandlerType@@PEAU_xDISPATCHER_CONTEXT@@E@Z 000000014000285c f   libvcruntime:risctrnsctrl.obj
 0001:00001960       _CreateFrameInfo           0000000140002960 f   libvcruntime:risctrnsctrl.obj
 0001:0000199c       _FindAndUnlinkFrame        000000014000299c f   libvcruntime:risctrnsctrl.obj
 0001:000019f0       _GetImageBase              00000001400029f0 f   libvcruntime:risctrnsctrl.obj
 0001:00001a04       _GetThrowImageBase         0000000140002a04 f   libvcruntime:risctrnsctrl.obj
 0001:00001a18       _SetImageBase              0000000140002a18 f   libvcruntime:risctrnsctrl.obj
 0001:00001a30       _SetThrowImageBase         0000000140002a30 f   libvcruntime:risctrnsctrl.obj
 0001:00001a48       __CxxFrameHandler3         0000000140002a48 f   libvcruntime:risctrnsctrl.obj
 0001:00001ad0       ?GetCurrentState@__FrameHandler3@@SAHPEA_KPEAU_xDISPATCHER_CONTEXT@@PEBU_s_FuncInfo@@@Z 0000000140002ad0 f   libvcruntime:ehstate.obj
 0001:00001af8       ?GetUnwindTryBlock@__FrameHandler3@@SAHPEA_KPEAU_xDISPATCHER_CONTEXT@@PEBU_s_FuncInfo@@@Z 0000000140002af8 f   libvcruntime:ehstate.obj
 0001:00001b24       ?SetState@__FrameHandler3@@SAXPEA_KPEBU_s_FuncInfo@@H@Z 0000000140002b24 f   libvcruntime:ehstate.obj
 0001:00001b30       ?SetUnwindTryBlock@__FrameHandler3@@SAXPEA_KPEAU_xDISPATCHER_CONTEXT@@PEBU_s_FuncInfo@@H@Z 0000000140002b30 f   libvcruntime:ehstate.obj
 0001:00001b6c       ?StateFromControlPc@__FrameHandler3@@SAHPEBU_s_FuncInfo@@PEAU_xDISPATCHER_CONTEXT@@@Z 0000000140002b6c f   libvcruntime:ehstate.obj
 0001:00001b74       ?StateFromIp@__FrameHandler3@@SAHPEBU_s_FuncInfo@@PEAU_xDISPATCHER_CONTEXT@@_K@Z 0000000140002b74 f   libvcruntime:ehstate.obj
 0001:000026bc       ??$TypeMatchHelper@V__FrameHandler3@@@@YAHPEBU_s_HandlerType@@PEBU_s_CatchableType@@PEBU_s_ThrowInfo@@@Z 00000001400036bc f i libvcruntime:frame.obj
 0001:000027dc       ??$__InternalCxxFrameHandler@V__FrameHandler3@@@@YA?AW4_EXCEPTION_DISPOSITION@@PEAUEHExceptionRecord@@PEA_KPEAU_CONTEXT@@PEAU_xDISPATCHER_CONTEXT@@PEBU_s_FuncInfo@@H1E@Z 00000001400037dc f i libvcruntime:frame.obj
 0001:00002a0c       ??$__InternalCxxFrameHandlerWrapper@V__FrameHandler3@@@@YA?AW4_EXCEPTION_DISPOSITION@@PEAUEHExceptionRecord@@PEA_KPEAU_CONTEXT@@PEAU_xDISPATCHER_CONTEXT@@PEBU_s_FuncInfo@@H1E@Z 0000000140003a0c f i libvcruntime:frame.obj
 0001:00002a14       ??0bad_exception@std@@QEAA@AEBV01@@Z 0000000140003a14 f i libvcruntime:frame.obj
 0001:00002a50       ??0bad_exception@std@@QEAA@XZ 0000000140003a50 f i libvcruntime:frame.obj
 0001:00002a74       ??0exception@std@@QEAA@AEBV01@@Z 0000000140003a74 f i libvcruntime:frame.obj
 0001:00002aa8       ??1bad_exception@std@@UEAA@XZ 0000000140003aa8 f i libvcruntime:frame.obj
 0001:00002abc       ??_Ebad_exception@std@@UEAAPEAXI@Z 0000000140003abc f i libvcruntime:frame.obj
 0001:00002abc       ??_Eexception@std@@UEAAPEAXI@Z 0000000140003abc f i libvcruntime:frame.obj
 0001:00002abc       ??_Gbad_exception@std@@UEAAPEAXI@Z 0000000140003abc f i libvcruntime:frame.obj
 0001:00002abc       ??_Gexception@std@@UEAAPEAXI@Z 0000000140003abc f i libvcruntime:frame.obj
 0001:00002b00       ?CxxCallCatchBlock@__FrameHandler3@@SAPEAXPEAU_EXCEPTION_RECORD@@@Z 0000000140003b00 f   libvcruntime:frame.obj
 0001:00002d84       ?FrameUnwindToState@__FrameHandler3@@SAXPEA_KPEAU_xDISPATCHER_CONTEXT@@PEBU_s_FuncInfo@@H@Z 0000000140003d84 f   libvcruntime:frame.obj
 0001:00002f10       ?GetHandlerSearchState@__FrameHandler3@@SAHPEA_KPEAU_xDISPATCHER_CONTEXT@@PEBU_s_FuncInfo@@@Z 0000000140003f10 f i libvcruntime:frame.obj
 0001:00003118       ?_CallMemberFunction1@@YAXQEAX00@Z 0000000140004118 f i libvcruntime:frame.obj
 0001:00003124       ?_CallMemberFunction2@@YAXQEAX00H@Z 0000000140004124 f i libvcruntime:frame.obj
 0001:00003134       ?what@exception@std@@UEBAPEBDXZ 0000000140004134 f i libvcruntime:frame.obj
 0001:00003190       _CallSettingFrame          0000000140004190 f   libvcruntime:handlers.obj
 0001:000031d0       __std_exception_copy       00000001400041d0 f   libvcruntime:std_exception.obj
 0001:00003250       __std_exception_destroy    0000000140004250 f   libvcruntime:std_exception.obj
 0001:00003278       _CxxThrowException         0000000140004278 f   libvcruntime:throw.obj
 0001:00003320       _seh_filter_exe            0000000140004320 f   libucrt:exception_filter.obj
 0001:0000348c       _query_app_type            000000014000448c f   libucrt:report_runtime_error.obj
 0001:00003494       _set_app_type              0000000140004494 f   libucrt:report_runtime_error.obj
 0001:000034a0       __acrt_initialize_user_matherr 00000001400044a0 f   libucrt:matherr.obj
 0001:000034b0       __setusermatherr           00000001400044b0 f   libucrt:matherr.obj
 0001:00003694       __acrt_allocate_buffer_for_argv 0000000140004694 f   libucrt:argv_parsing.obj
 0001:000036f4       _configure_narrow_argv     00000001400046f4 f   libucrt:argv_parsing.obj
 0001:00003b58       __dcrt_get_or_create_narrow_environment_nolock 0000000140004b58 f   libucrt:environment_initialization.obj
 0001:00003b94       __dcrt_uninitialize_environments_nolock 0000000140004b94 f   libucrt:environment_initialization.obj
 0001:00003bd8       _get_initial_narrow_environment 0000000140004bd8 f   libucrt:environment_initialization.obj
 0001:00003c28       _initialize_narrow_environment 0000000140004c28 f   libucrt:environment_initialization.obj
 0001:00003c30       _initterm                  0000000140004c30 f   libucrt:initterm.obj
 0001:00003c68       _initterm_e                0000000140004c68 f   libucrt:initterm.obj
 0001:00003f14       __acrt_initialize_thread_local_exit_callback 0000000140004f14 f   libucrt:exit.obj
 0001:00003f1c       _c_exit                    0000000140004f1c f   libucrt:exit.obj
 0001:00003f2c       _cexit                     0000000140004f2c f   libucrt:exit.obj
 0001:00003f3c       _exit                      0000000140004f3c f   libucrt:exit.obj
 0001:00003f48       _register_thread_local_exe_atexit_callback 0000000140004f48 f   libucrt:exit.obj
 0001:00003f84       exit                       0000000140004f84 f   libucrt:exit.obj
 0001:00003f90       _set_fmode                 0000000140004f90 f   libucrt:setmode.obj
 0001:00003fd0       __acrt_initialize_command_line 0000000140004fd0 f   libucrt:argv_data.obj
 0001:00003ff8       __p___argc                 0000000140004ff8 f   libucrt:argv_data.obj
 0001:00004000       __p___argv                 0000000140005000 f   libucrt:argv_data.obj
 0001:00004078       __acrt_set_locale_changed  0000000140005078 f   libucrt:wsetlocale.obj
 0001:00004084       __acrt_uninitialize_locale 0000000140005084 f   libucrt:wsetlocale.obj
 0001:000040b4       _configthreadlocale        00000001400050b4 f   libucrt:wsetlocale.obj
 0001:00004120       _query_new_mode            0000000140005120 f   libucrt:new_mode.obj
 0001:00004130       _set_new_mode              0000000140005130 f   libucrt:new_mode.obj
 0001:0000415c       __p__commode               000000014000515c f   libucrt:ncommode.obj
 0001:000044a4       _crt_atexit                00000001400054a4 f   libucrt:onexit.obj
 0001:000044b4       _execute_onexit_table      00000001400054b4 f   libucrt:onexit.obj
 0001:000044f8       _initialize_onexit_table   00000001400054f8 f   libucrt:onexit.obj
 0001:00004520       _register_onexit_function  0000000140005520 f   libucrt:onexit.obj
 0001:00004694       __acrt_initialize          0000000140005694 f   libucrt:initialization.obj
 0001:000046a8       __acrt_uninitialize        00000001400056a8 f   libucrt:initialization.obj
 0001:000046e0       terminate                  00000001400056e0 f   libucrt:terminate.obj
 0001:00004700       free                       0000000140005700 f   libucrt:free.obj
 0001:00004710       malloc                     0000000140005710 f   libucrt:malloc.obj
 0001:00004720       strcpy_s                   0000000140005720 f   libucrt:strcpy_s.obj
 0001:000047a0       abort                      00000001400057a0 f   libucrt:abort.obj
 0001:00004800       calloc                     0000000140005800 f   libucrt:calloc.obj
 0001:00004810       ?get_raw_ptd@__crt_cached_ptd_host@@QEAAPEAU__acrt_ptd@@XZ 0000000140005810 f i libucrt:output.obj
 0001:00004880       ?update_locale_slow@__crt_cached_ptd_host@@AEAAXXZ 0000000140005880 f i libucrt:output.obj
 0001:00004900       wcsncmp                    0000000140005900 f   libucrt:wcsncmp.obj
 0001:00004c44       ?internal_get_ptd_head_slow@@YAPEAU__acrt_ptd@@XZ 0000000140005c44 f   libucrt:per_thread_data.obj
 0001:00004d64       __acrt_getptd              0000000140005d64 f   libucrt:per_thread_data.obj
 0001:00004d80       __acrt_getptd_head         0000000140005d80 f   libucrt:per_thread_data.obj
 0001:00004dc4       __acrt_getptd_noexit       0000000140005dc4 f   libucrt:per_thread_data.obj
 0001:00004e54       __acrt_getptd_noexit_explicit 0000000140005e54 f   libucrt:per_thread_data.obj
 0001:00004eb0       __acrt_initialize_ptd      0000000140005eb0 f   libucrt:per_thread_data.obj
 0001:00004ef4       __acrt_uninitialize_ptd    0000000140005ef4 f   libucrt:per_thread_data.obj
 0001:00004f20       ?get_raw_ptd_noexit@__crt_cached_ptd_host@@QEAAPEAU__acrt_ptd@@XZ 0000000140005f20 f i libucrt:invalid_parameter.obj
 0001:00004f8c       ?value@?$dual_state_global@P6AXPEB_W00I_K@Z@__crt_state_management@@QEAAAEAP6AXPEB_W00I_K@ZAEAV__crt_cached_ptd_host@@@Z 0000000140005f8c f i libucrt:invalid_parameter.obj
 0001:00004fd8       __acrt_call_reportfault    0000000140005fd8 f   libucrt:invalid_parameter.obj
 0001:00005148       __acrt_initialize_invalid_parameter_handler 0000000140006148 f   libucrt:invalid_parameter.obj
 0001:00005150       _invalid_parameter         0000000140006150 f   libucrt:invalid_parameter.obj
 0001:000051ec       _invalid_parameter_internal 00000001400061ec f   libucrt:invalid_parameter.obj
 0001:000052a4       _invalid_parameter_noinfo  00000001400062a4 f   libucrt:invalid_parameter.obj
 0001:000052c4       _invoke_watson             00000001400062c4 f   libucrt:invalid_parameter.obj
 0001:0000530c       __acrt_errno_from_os_error 000000014000630c f   libucrt:errno.obj
 0001:000053dc       __acrt_errno_map_os_error  00000001400063dc f   libucrt:errno.obj
 0001:00005404       __acrt_errno_map_os_error_ptd 0000000140006404 f   libucrt:errno.obj
 0001:00005428       __doserrno                 0000000140006428 f   libucrt:errno.obj
 0001:0000544c       _errno                     000000014000644c f   libucrt:errno.obj
 0001:00005470       _calloc_base               0000000140006470 f   libucrt:calloc_base.obj
 0001:000054f0       _free_base                 00000001400064f0 f   libucrt:free_base.obj
 0001:0000555c       ??$__acrt_convert_wcs_mbs_cp@D_WV<lambda_7c9dea7b4ca7285d2cdb541a38da6275>@@U__crt_win32_buffer_internal_dynamic_resizing@@@@YAHQEBDAEAV?$__crt_win32_buffer@_WU__crt_win32_buffer_internal_dynamic_resizing@@@@AEBV<lambda_7c9dea7b4ca7285d2cdb541a38da6275>@@I@Z 000000014000655c f i libucrt:argv_wildcards.obj
 0001:000056fc       ??$__acrt_convert_wcs_mbs_cp@_WDV<lambda_d8593a27d1aa8c02be35c86a17d324c4>@@U__crt_win32_buffer_internal_dynamic_resizing@@@@YAHQEB_WAEAV?$__crt_win32_buffer@DU__crt_win32_buffer_internal_dynamic_resizing@@@@AEBV<lambda_d8593a27d1aa8c02be35c86a17d324c4>@@I@Z 00000001400066fc f i libucrt:argv_wildcards.obj
 0001:00005fc8       ??0_LocaleUpdate@@QEAA@QEAU__crt_locale_pointers@@@Z 0000000140006fc8 f i libucrt:argv_wildcards.obj
 0001:00006064       __acrt_expand_narrow_argv_wildcards 0000000140007064 f   libucrt:argv_wildcards.obj
 0001:0000606c       ??$__acrt_convert_wcs_mbs_cp@_WDV<lambda_f788ae46380686e8b737efdd8c720d07>@@U__crt_win32_buffer_no_resizing@@@@YAHQEB_WAEAV?$__crt_win32_buffer@DU__crt_win32_buffer_no_resizing@@@@AEBV<lambda_f788ae46380686e8b737efdd8c720d07>@@I@Z 000000014000706c f i libucrt:getmodulefilenamea.obj
 0001:00006188       __acrt_GetModuleFileNameA  0000000140007188 f   libucrt:getmodulefilenamea.obj
 0001:00006ab4       __acrt_initialize_multibyte 0000000140007ab4 f   libucrt:mbctype.obj
 0001:00006b14       __acrt_update_thread_multibyte_data 0000000140007b14 f   libucrt:mbctype.obj
 0001:00006b30       _setmbcp_nolock            0000000140007b30 f   libucrt:mbctype.obj
 0001:00006e6c       _ismbblead                 0000000140007e6c f   libucrt:ismbbyte.obj
 0001:00006e80       __acrt_MultiByteToWideChar 0000000140007e80 f   libucrt:multibytetowidechar.obj
 0001:00006f10       __acrt_WideCharToMultiByte 0000000140007f10 f   libucrt:widechartomultibyte.obj
 0001:00006ff0       __dcrt_get_narrow_environment_from_os 0000000140007ff0 f   libucrt:get_environment_from_os.obj
 0001:00007540       __dcrt_set_variable_in_narrow_environment_nolock 0000000140008540 f   libucrt:setenv.obj
 0001:00007548       __acrt_initialize_locks    0000000140008548 f   libucrt:locks.obj
 0001:00007590       __acrt_lock                0000000140008590 f   libucrt:locks.obj
 0001:000075ac       __acrt_uninitialize_locks  00000001400085ac f   libucrt:locks.obj
 0001:000075e4       __acrt_unlock              00000001400085e4 f   libucrt:locks.obj
 0001:00007600       __acrt_app_verifier_enabled 0000000140008600 f   libucrt:peb_access.obj
 0001:0000761c       __acrt_is_secure_process   000000014000861c f   libucrt:peb_access.obj
 0001:00007634       __acrt_get_process_end_policy 0000000140008634 f   libucrt:win_policies.obj
 0001:00007664       __acrt_lowio_create_handle_array 0000000140008664 f   libucrt:osfinfo.obj
 0001:0000770c       __acrt_lowio_destroy_handle_array 000000014000870c f   libucrt:osfinfo.obj
 0001:0000775c       __acrt_lowio_ensure_fh_exists 000000014000875c f   libucrt:osfinfo.obj
 0001:00007804       __acrt_lowio_lock_fh       0000000140008804 f   libucrt:osfinfo.obj
 0001:0000782c       __acrt_lowio_unlock_fh     000000014000882c f   libucrt:osfinfo.obj
 0001:00007854       _free_osfhnd               0000000140008854 f   libucrt:osfinfo.obj
 0001:00007910       _get_osfhandle             0000000140008910 f   libucrt:osfinfo.obj
 0001:00007988       __acrt_initialize_fmode    0000000140008988 f   libucrt:txtmode.obj
 0001:00007ba8       __acrt_initialize_lowio    0000000140008ba8 f   libucrt:ioinit.obj
 0001:00007be4       __acrt_uninitialize_lowio  0000000140008be4 f   libucrt:ioinit.obj
 0001:00007c24       __acrt_locale_free_monetary 0000000140008c24 f   libucrt:initmon.obj
 0001:00007d30       __acrt_locale_free_numeric 0000000140008d30 f   libucrt:initnum.obj
 0001:00007dd0       __acrt_locale_free_time    0000000140008dd0 f   libucrt:inittime.obj
 0001:00007ee0       _malloc_base               0000000140008ee0 f   libucrt:malloc_base.obj
 0001:00007f40       __acrt_GetStringTypeA      0000000140008f40 f   libucrt:getstringtypea.obj
 0001:000080d0       __acrt_add_locale_ref      00000001400090d0 f   libucrt:locale_refcounting.obj
 0001:0000815c       __acrt_free_locale         000000014000915c f   libucrt:locale_refcounting.obj
 0001:000082d4       __acrt_locale_add_lc_time_reference 00000001400092d4 f   libucrt:locale_refcounting.obj
 0001:000082fc       __acrt_locale_free_lc_time_if_unreferenced 00000001400092fc f   libucrt:locale_refcounting.obj
 0001:00008334       __acrt_locale_release_lc_time_reference 0000000140009334 f   libucrt:locale_refcounting.obj
 0001:0000835c       __acrt_release_locale_ref  000000014000935c f   libucrt:locale_refcounting.obj
 0001:00008404       __acrt_update_thread_locale_data 0000000140009404 f   libucrt:locale_refcounting.obj
 0001:00008474       _updatetlocinfoEx_nolock   0000000140009474 f   libucrt:locale_refcounting.obj
 0001:000086c8       __acrt_AppPolicyGetProcessTerminationMethodInternal 00000001400096c8 f   libucrt:winapi_thunks.obj
 0001:00008724       __acrt_AreFileApisANSI     0000000140009724 f   libucrt:winapi_thunks.obj
 0001:00008770       __acrt_CompareStringEx     0000000140009770 f   libucrt:winapi_thunks.obj
 0001:00008834       __acrt_FlsAlloc            0000000140009834 f   libucrt:winapi_thunks.obj
 0001:0000883c       __acrt_FlsFree             000000014000983c f   libucrt:winapi_thunks.obj
 0001:00008844       __acrt_FlsGetValue         0000000140009844 f   libucrt:winapi_thunks.obj
 0001:0000884c       __acrt_FlsGetValue2        000000014000984c f   libucrt:winapi_thunks.obj
 0001:00008858       __acrt_FlsSetValue         0000000140009858 f   libucrt:winapi_thunks.obj
 0001:00008860       __acrt_InitializeCriticalSectionEx 0000000140009860 f   libucrt:winapi_thunks.obj
 0001:00008868       __acrt_LCMapStringEx       0000000140009868 f   libucrt:winapi_thunks.obj
 0001:0000895c       __acrt_LocaleNameToLCID    000000014000995c f   libucrt:winapi_thunks.obj
 0001:000089c0       __acrt_initialize_winapi_thunks 00000001400099c0 f   libucrt:winapi_thunks.obj
 0001:000089f0       __acrt_tls2_supported      00000001400099f0 f   libucrt:winapi_thunks.obj
 0001:00008a34       __acrt_uninitialize_winapi_thunks 0000000140009a34 f   libucrt:winapi_thunks.obj
 0001:00008a80       _recalloc_base             0000000140009a80 f   libucrt:recalloc.obj
 0001:00008b20       _recalloc                  0000000140009b20 f   libucrt:recalloc.obj
 0001:00008b30       _get_heap_handle           0000000140009b30 f   libucrt:heap_handle.obj
 0001:00008b40       __acrt_initialize_heap     0000000140009b40 f   libucrt:heap_handle.obj
 0001:00008b70       __acrt_uninitialize_heap   0000000140009b70 f   libucrt:heap_handle.obj
 0001:00008b90       __acrt_getheap             0000000140009b90 f   libucrt:heap_handle.obj
 0001:00008b98       __acrt_execute_initializers 0000000140009b98 f   libucrt:shared_initialization.obj
 0001:00008c18       __acrt_execute_uninitializers 0000000140009c18 f   libucrt:shared_initialization.obj
 0001:00008c60       _callnewh                  0000000140009c60 f   libucrt:new_handler.obj
 0001:00008ca0       __acrt_initialize_new_handler 0000000140009ca0 f   libucrt:new_handler.obj
 0001:00008cb0       _query_new_handler         0000000140009cb0 f   libucrt:new_handler.obj
 0001:00008cf0       _set_new_handler           0000000140009cf0 f   libucrt:new_handler.obj
 0001:00008d50       ?_set_new_handler@@YAP6AH_K@ZH@Z 0000000140009d50 f   libucrt:new_handler.obj
 0001:00008da4       __acrt_get_sigabrt_handler 0000000140009da4 f   libucrt:signal.obj
 0001:00008dd4       __acrt_initialize_signal_handlers 0000000140009dd4 f   libucrt:signal.obj
 0001:00008df4       raise                      0000000140009df4 f   libucrt:signal.obj
 0001:00009230       __acrt_stdio_flush_nolock  000000014000a230 f   libucrt:fflush.obj
 0001:000092bc       _fflush_nolock             000000014000a2bc f   libucrt:fflush.obj
 0001:00009390       _flushall                  000000014000a390 f   libucrt:fflush.obj
 0001:00009398       __acrt_initialize_stdio    000000014000a398 f   libucrt:_file.obj
 0001:000094b8       __acrt_uninitialize_stdio  000000014000a4b8 f   libucrt:_file.obj
 0001:00009514       _lock_file                 000000014000a514 f   libucrt:_file.obj
 0001:00009520       _unlock_file               000000014000a520 f   libucrt:_file.obj
 0001:0000952c       __acrt_update_locale_info  000000014000a52c f   libucrt:locale_update.obj
 0001:00009560       __acrt_update_locale_info_explicit 000000014000a560 f   libucrt:locale_update.obj
 0001:00009598       __acrt_update_multibyte_info 000000014000a598 f   libucrt:locale_update.obj
 0001:000095cc       __acrt_update_multibyte_info_explicit 000000014000a5cc f   libucrt:locale_update.obj
 0001:00009604       _mbtowc_internal           000000014000a604 f   libucrt:mbtowc.obj
 0001:0000977c       ?__mblen_utf8@__crt_mbstring@@YAHPEBD@Z 000000014000a77c f   libucrt:mbrtoc32.obj
 0001:000097b4       ?__mbrtoc32_utf8@__crt_mbstring@@YA_KPEA_UPEBD_KPEAU_Mbstatet@@AEAV__crt_cached_ptd_host@@@Z 000000014000a7b4 f   libucrt:mbrtoc32.obj
 0001:00009974       ?__mbrtowc_utf8@__crt_mbstring@@YA_KPEA_WPEBD_KPEAU_Mbstatet@@AEAV__crt_cached_ptd_host@@@Z 000000014000a974 f   libucrt:mbrtowc.obj
 0001:000099bc       ?__mbsrtowcs_utf8@__crt_mbstring@@YA_KPEA_WPEAPEBD_KPEAU_Mbstatet@@AEAV__crt_cached_ptd_host@@@Z 000000014000a9bc f   libucrt:mbrtowc.obj
 0001:00009b74       _fileno                    000000014000ab74 f   libucrt:fileno.obj
 0001:00009ba0       qsort                      000000014000aba0 f   libucrt:qsort.obj
 0001:00009f40       strncpy_s                  000000014000af40 f   libucrt:strncpy_s.obj
 0001:0000a110       strpbrk                    000000014000b110 f   libucrt:strpbrk.obj
 0001:0000a4c8       _mbsdec                    000000014000b4c8 f   libucrt:mbsdec.obj
 0001:0000a4d0       _mbsdec_l                  000000014000b4d0 f   libucrt:mbsdec.obj
 0001:0000a898       __acrt_LCMapStringA        000000014000b898 f   libucrt:lcmapstringa.obj
 0001:0000a950       _strnicoll                 000000014000b950 f   libucrt:strnicol.obj
 0001:0000aaf4       __acrt_SetEnvironmentVariableA 000000014000baf4 f   libucrt:setenvironmentvariablea.obj
 0001:0000aca0       __ascii_wcsnicmp           000000014000bca0 f   libucrt:wcsnicmp.obj
 0001:0000ad08       __acrt_DownlevelLocaleNameToLCID 000000014000bd08 f   libucrt:lcidtoname_downlevel.obj
 0001:0000adb0       _msize_base                000000014000bdb0 f   libucrt:msize.obj
 0001:0000adf0       _msize                     000000014000bdf0 f   libucrt:msize.obj
 0001:0000ae00       _realloc_base              000000014000be00 f   libucrt:realloc_base.obj
 0001:0000af08       _commit                    000000014000bf08 f   libucrt:commit.obj
 0001:0000b7c8       _write_internal            000000014000c7c8 f   libucrt:write.obj
 0001:0000b8e8       _write_nolock              000000014000c8e8 f   libucrt:write.obj
 0001:0000bc18       _fcloseall                 000000014000cc18 f   libucrt:closeall.obj
 0001:0000bccc       __acrt_stdio_free_buffer_nolock 000000014000cccc f   libucrt:_freebuf.obj
 0001:0000bd10       _isatty                    000000014000cd10 f   libucrt:isatty.obj
 0001:0000bd70       ?reset_and_return@__crt_mbstring@@YA_K_KPEAU_Mbstatet@@@Z 000000014000cd70 f   libucrt:common_utf8.obj
 0001:0000bd78       ?return_illegal_sequence@__crt_mbstring@@YA_KPEAU_Mbstatet@@AEAV__crt_cached_ptd_host@@@Z 000000014000cd78 f   libucrt:common_utf8.obj
 0001:0000bd8c       _guard_check_icall         000000014000cd8c f i libucrt:checkcfg.obj
 0001:0000bdb0       __strncnt                  000000014000cdb0 f   libucrt:strncnt.obj
 0001:0000be10       _strnicmp                  000000014000ce10 f   libucrt:strnicmp.obj
 0001:0000bea0       _strnicmp_l                000000014000cea0 f   libucrt:strnicmp.obj
 0001:0000c38c       __acrt_CompareStringA      000000014000d38c f   libucrt:comparestringa.obj
 0001:0000c4c8       _lseeki64_nolock_internal  000000014000d4c8 f   libucrt:lseek.obj
 0001:0000c4d0       _putwch_nolock             000000014000d4d0 f   libucrt:putwch.obj
 0001:0000c634       fclose                     000000014000d634 f   libucrt:fclose.obj
 0001:0000c6d0       __dcrt_lowio_ensure_console_output_initialized 000000014000d6d0 f   libucrt:initcon.obj
 0001:0000c724       __dcrt_terminate_console_output 000000014000d724 f   libucrt:initcon.obj
 0001:0000c740       __dcrt_write_console       000000014000d740 f   libucrt:initcon.obj
 0001:0000c878       _close_internal            000000014000d878 f   libucrt:close.obj
 0001:0000c93c       _close_nolock_internal     000000014000d93c f   libucrt:close.obj
 0001:0000ca0c       ?__acrt_stdio_free_stream@@YAXV__crt_stdio_stream@@@Z 000000014000da0c f   libucrt:stream.obj
 0001:0000ca30       __acrt_initialize_fma3     000000014000da30 f   libucrt:fma3_available.obj
 0001:0000caf0       _FindPESection             000000014000daf0 f   LIBCMT:pesect.obj
 0001:0000cb40       _IsNonwritableInCurrentImage 000000014000db40 f   LIBCMT:pesect.obj
 0001:0000cb90       _ValidateImageBase         000000014000db90 f   LIBCMT:pesect.obj
 0001:0000cbbc       ??_Etype_info@@UEAAPEAXI@Z 000000014000dbbc f i LIBCMT:std_type_info_static.obj
 0001:0000cbbc       ??_Gtype_info@@UEAAPEAXI@Z 000000014000dbbc f i LIBCMT:std_type_info_static.obj
 0001:0000cbe8       __GSHandlerCheck           000000014000dbe8 f   LIBCMT:gshandler.obj
 0001:0000cc08       __GSHandlerCheckCommon     000000014000dc08 f   LIBCMT:gshandler.obj
 0001:0000cc80       __security_check_cookie    000000014000dc80 f   LIBCMT:amdsecgs.obj
 0001:0000cca0       ??3@YAXPEAX_K@Z            000000014000dca0 f   LIBCMT:delete_scalar_size.obj
 0001:0000cca8       __raise_securityfailure    000000014000dca8 f   LIBCMT:gs_report.obj
 0001:0000ccdc       __report_gsfailure         000000014000dcdc f   LIBCMT:gs_report.obj
 0001:0000ce24       __GSHandlerCheck_EH        000000014000de24 f   LIBCMT:gshandlereh.obj
 0001:0000cec0       __chkstk                   000000014000dec0 f   LIBCMT:chkstk.obj
 0001:0000cec0       _alloca_probe              000000014000dec0 f   LIBCMT:chkstk.obj
 0001:0000cf10       ??3@YAXPEAX@Z              000000014000df10 f   LIBCMT:delete_scalar.obj
 0001:0000cf20       __C_specific_handler_noexcept 000000014000df20 f   libvcruntime:chandler_noexcept.obj
 0001:0000cf6c       strchr                     000000014000df6c f   libvcruntime:strchr.obj
 0001:0000d000       _guard_dispatch_icall_nop  000000014000e000 f   LIBCMT:guard_dispatch.obj
 0001:0000d020       _guard_xfg_dispatch_icall_nop 000000014000e020 f   LIBCMT:guard_xfg_dispatch.obj
 0001:0000d040       _guard_dispatch_icall      000000014000e040 f   libucrt:dispatchcfg.obj
 0001:0000d040       _guard_dispatch_icall_$fo_default$ 000000014000e040     libucrt:dispatchcfg.obj
 0001:0000d070       memset_repstos             000000014000e070 f   libvcruntime:memset.obj
 0001:0000d080       memset                     000000014000e080 f   libvcruntime:memset.obj
 0001:0000d430       memcpy_repmovs             000000014000e430 f   libvcruntime:memcpy.obj
 0001:0000d440       memcpy                     000000014000e440 f   libvcruntime:memcpy.obj
 0001:0000d440       memcpy_$fo_default$        000000014000e440     libvcruntime:memcpy.obj
 0001:0000d440       memmove                    000000014000e440 f   libvcruntime:memcpy.obj
 0001:0000dac0       strcmp                     000000014000eac0 f   libucrt:strcmp.obj
 0001:0000db40       strlen                     000000014000eb40 f   libucrt:strlen.obj
 0001:0000dc00       strncmp                    000000014000ec00 f   libucrt:strncmp.obj
 0002:00000000       __imp_QueryPerformanceCounter 0000000140010000     kernel32:KERNEL32.dll
 0002:00000008       __imp_GetCurrentProcessId  0000000140010008     kernel32:KERNEL32.dll
 0002:00000010       __imp_GetCurrentThreadId   0000000140010010     kernel32:KERNEL32.dll
 0002:00000018       __imp_GetSystemTimeAsFileTime 0000000140010018     kernel32:KERNEL32.dll
 0002:00000020       __imp_InitializeSListHead  0000000140010020     kernel32:KERNEL32.dll
 0002:00000028       __imp_RtlCaptureContext    0000000140010028     kernel32:KERNEL32.dll
 0002:00000030       __imp_RtlLookupFunctionEntry 0000000140010030     kernel32:KERNEL32.dll
 0002:00000038       __imp_RtlVirtualUnwind     0000000140010038     kernel32:KERNEL32.dll
 0002:00000040       __imp_IsDebuggerPresent    0000000140010040     kernel32:KERNEL32.dll
 0002:00000048       __imp_UnhandledExceptionFilter 0000000140010048     kernel32:KERNEL32.dll
 0002:00000050       __imp_SetUnhandledExceptionFilter 0000000140010050     kernel32:KERNEL32.dll
 0002:00000058       __imp_GetStartupInfoW      0000000140010058     kernel32:KERNEL32.dll
 0002:00000060       __imp_IsProcessorFeaturePresent 0000000140010060     kernel32:KERNEL32.dll
 0002:00000068       __imp_GetModuleHandleW     0000000140010068     kernel32:KERNEL32.dll
 0002:00000070       __imp_WriteConsoleW        0000000140010070     kernel32:KERNEL32.dll
 0002:00000078       __imp_RtlUnwindEx          0000000140010078     kernel32:KERNEL32.dll
 0002:00000080       __imp_GetLastError         0000000140010080     kernel32:KERNEL32.dll
 0002:00000088       __imp_SetLastError         0000000140010088     kernel32:KERNEL32.dll
 0002:00000090       __imp_EnterCriticalSection 0000000140010090     kernel32:KERNEL32.dll
 0002:00000098       __imp_LeaveCriticalSection 0000000140010098     kernel32:KERNEL32.dll
 0002:000000a0       __imp_DeleteCriticalSection 00000001400100a0     kernel32:KERNEL32.dll
 0002:000000a8       __imp_InitializeCriticalSectionAndSpinCount 00000001400100a8     kernel32:KERNEL32.dll
 0002:000000b0       __imp_TlsAlloc             00000001400100b0     kernel32:KERNEL32.dll
 0002:000000b8       __imp_TlsGetValue          00000001400100b8     kernel32:KERNEL32.dll
 0002:000000c0       __imp_TlsSetValue          00000001400100c0     kernel32:KERNEL32.dll
 0002:000000c8       __imp_TlsFree              00000001400100c8     kernel32:KERNEL32.dll
 0002:000000d0       __imp_FreeLibrary          00000001400100d0     kernel32:KERNEL32.dll
 0002:000000d8       __imp_GetProcAddress       00000001400100d8     kernel32:KERNEL32.dll
 0002:000000e0       __imp_LoadLibraryExW       00000001400100e0     kernel32:KERNEL32.dll
 0002:000000e8       __imp_EncodePointer        00000001400100e8     kernel32:KERNEL32.dll
 0002:000000f0       __imp_RaiseException       00000001400100f0     kernel32:KERNEL32.dll
 0002:000000f8       __imp_RtlPcToFileHeader    00000001400100f8     kernel32:KERNEL32.dll
 0002:00000100       __imp_GetStdHandle         0000000140010100     kernel32:KERNEL32.dll
 0002:00000108       __imp_WriteFile            0000000140010108     kernel32:KERNEL32.dll
 0002:00000110       __imp_GetModuleFileNameW   0000000140010110     kernel32:KERNEL32.dll
 0002:00000118       __imp_GetCurrentProcess    0000000140010118     kernel32:KERNEL32.dll
 0002:00000120       __imp_ExitProcess          0000000140010120     kernel32:KERNEL32.dll
 0002:00000128       __imp_TerminateProcess     0000000140010128     kernel32:KERNEL32.dll
 0002:00000130       __imp_GetModuleHandleExW   0000000140010130     kernel32:KERNEL32.dll
 0002:00000138       __imp_GetCommandLineA      0000000140010138     kernel32:KERNEL32.dll
 0002:00000140       __imp_GetCommandLineW      0000000140010140     kernel32:KERNEL32.dll
 0002:00000148       __imp_HeapAlloc            0000000140010148     kernel32:KERNEL32.dll
 0002:00000150       __imp_HeapFree             0000000140010150     kernel32:KERNEL32.dll
 0002:00000158       __imp_FindClose            0000000140010158     kernel32:KERNEL32.dll
 0002:00000160       __imp_FindFirstFileExW     0000000140010160     kernel32:KERNEL32.dll
 0002:00000168       __imp_FindNextFileW        0000000140010168     kernel32:KERNEL32.dll
 0002:00000170       __imp_IsValidCodePage      0000000140010170     kernel32:KERNEL32.dll
 0002:00000178       __imp_GetACP               0000000140010178     kernel32:KERNEL32.dll
 0002:00000180       __imp_GetOEMCP             0000000140010180     kernel32:KERNEL32.dll
 0002:00000188       __imp_GetCPInfo            0000000140010188     kernel32:KERNEL32.dll
 0002:00000190       __imp_MultiByteToWideChar  0000000140010190     kernel32:KERNEL32.dll
 0002:00000198       __imp_WideCharToMultiByte  0000000140010198     kernel32:KERNEL32.dll
 0002:000001a0       __imp_GetEnvironmentStringsW 00000001400101a0     kernel32:KERNEL32.dll
 0002:000001a8       __imp_FreeEnvironmentStringsW 00000001400101a8     kernel32:KERNEL32.dll
 0002:000001b0       __imp_SetEnvironmentVariableW 00000001400101b0     kernel32:KERNEL32.dll
 0002:000001b8       __imp_SetStdHandle         00000001400101b8     kernel32:KERNEL32.dll
 0002:000001c0       __imp_GetFileType          00000001400101c0     kernel32:KERNEL32.dll
 0002:000001c8       __imp_GetStringTypeW       00000001400101c8     kernel32:KERNEL32.dll
 0002:000001d0       __imp_FlsAlloc             00000001400101d0     kernel32:KERNEL32.dll
 0002:000001d8       __imp_FlsGetValue          00000001400101d8     kernel32:KERNEL32.dll
 0002:000001e0       __imp_FlsSetValue          00000001400101e0     kernel32:KERNEL32.dll
 0002:000001e8       __imp_FlsFree              00000001400101e8     kernel32:KERNEL32.dll
 0002:000001f0       __imp_InitializeCriticalSectionEx 00000001400101f0     kernel32:KERNEL32.dll
 0002:000001f8       __imp_VirtualProtect       00000001400101f8     kernel32:KERNEL32.dll
 0002:00000200       __imp_CompareStringW       0000000140010200     kernel32:KERNEL32.dll
 0002:00000208       __imp_LCMapStringW         0000000140010208     kernel32:KERNEL32.dll
 0002:00000210       __imp_GetProcessHeap       0000000140010210     kernel32:KERNEL32.dll
 0002:00000218       __imp_HeapSize             0000000140010218     kernel32:KERNEL32.dll
 0002:00000220       __imp_HeapReAlloc          0000000140010220     kernel32:KERNEL32.dll
 0002:00000228       __imp_FlushFileBuffers     0000000140010228     kernel32:KERNEL32.dll
 0002:00000230       __imp_GetConsoleOutputCP   0000000140010230     kernel32:KERNEL32.dll
 0002:00000238       __imp_GetConsoleMode       0000000140010238     kernel32:KERNEL32.dll
 0002:00000240       __imp_SetFilePointerEx     0000000140010240     kernel32:KERNEL32.dll
 0002:00000248       __imp_CreateFileW          0000000140010248     kernel32:KERNEL32.dll
 0002:00000250       __imp_CloseHandle          0000000140010250     kernel32:KERNEL32.dll
 0002:00000258       \177KERNEL32_NULL_THUNK_DATA 0000000140010258     kernel32:KERNEL32.dll
 0002:00000260       __guard_check_icall_fptr   0000000140010260     LIBCMT:guard_support.obj
 0002:00000268       __guard_xfg_check_icall_fptr 0000000140010268     LIBCMT:guard_support.obj
 0002:00000270       __guard_dispatch_icall_fptr 0000000140010270     LIBCMT:guard_support.obj
 0002:00000278       __guard_xfg_dispatch_icall_fptr 0000000140010278     LIBCMT:guard_support.obj
 0002:00000280       __guard_xfg_table_dispatch_icall_fptr 0000000140010280     LIBCMT:guard_support.obj
 0002:00000288       __castguard_check_failure_os_handled_fptr 0000000140010288     LIBCMT:guard_support.obj
 0002:00000290       __guard_memcpy_fptr        0000000140010290     libvcruntime:softmemtag.obj
 0002:00000298       __xc_a                     0000000140010298     LIBCMT:initializers.obj
 0002:000002a8       __xc_z                     00000001400102a8     LIBCMT:initializers.obj
 0002:000002b0       __xi_a                     00000001400102b0     LIBCMT:initializers.obj
 0002:000002c8       __acrt_multibyte_initializer 00000001400102c8     libucrt:multibyte_initializer.obj
 0002:000002d0       __acrt_fmode_initializer   00000001400102d0     libucrt:fmode_initializer.obj
 0002:000002d8       __acrt_stdio_initializer   00000001400102d8     libucrt:stdio_initializer.obj
 0002:000002e0       __acrt_tran_fma3_initializer 00000001400102e0     libucrt:fma3_initializer.obj
 0002:000002e8       __xi_z                     00000001400102e8     LIBCMT:initializers.obj
 0002:000002f0       __xp_a                     00000001400102f0     LIBCMT:initializers.obj
 0002:000002f8       __acrt_locale_terminator   00000001400102f8     libucrt:locale_initializer.obj
 0002:00000300       __dcrt_console_output_terminator 0000000140010300     libucrt:console_output_initializer.obj
 0002:00000308       __acrt_stdio_terminator    0000000140010308     libucrt:stdio_initializer.obj
 0002:00000310       __xp_z                     0000000140010310     LIBCMT:initializers.obj
 0002:00000318       __xt_a                     0000000140010318     LIBCMT:initializers.obj
 0002:00000320       __xt_z                     0000000140010320     LIBCMT:initializers.obj
 0002:00000330       __xmm@ffffffffffffffffffffffffffffffff 0000000140010330     LIBCMT:utility.obj
 0002:00000340       _pDestructExceptionObject  0000000140010340     libvcruntime:ehhelpers.obj
 0002:00000a60       ??_C@_08EHJDFFNH@__based?$CI@ 0000000140010a60     libvcruntime:undname.obj
 0002:00000a70       ??_C@_07KOLFKCDI@__cdecl@  0000000140010a70     libvcruntime:undname.obj
 0002:00000a78       ??_C@_09IFJBGAPI@__stdcall@ 0000000140010a78     libvcruntime:undname.obj
 0002:00000a88       ??_C@_0L@NPHFGOKO@__thiscall@ 0000000140010a88     libvcruntime:undname.obj
 0002:00000a98       ??_C@_0L@JMKHOMEK@__fastcall@ 0000000140010a98     libvcruntime:undname.obj
 0002:00000aa8       ??_C@_0N@BCKKPABJ@__vectorcall@ 0000000140010aa8     libvcruntime:undname.obj
 0002:00000ab8       ??_C@_0BA@NAGGFLJK@__preserve_none@ 0000000140010ab8     libvcruntime:undname.obj
 0002:00000ac8       ??_C@_09HIJEGCPM@__clrcall@ 0000000140010ac8     libvcruntime:undname.obj
 0002:00000ad4       ??_C@_06GHPCKEAG@__eabi@   0000000140010ad4     libvcruntime:undname.obj
 0002:00000ae0       ??_C@_09IOPIDJLG@__swift_1@ 0000000140010ae0     libvcruntime:undname.obj
 0002:00000af0       ??_C@_09KFNFGKHF@__swift_2@ 0000000140010af0     libvcruntime:undname.obj
 0002:00000b00       ??_C@_09LMMOFLDE@__swift_3@ 0000000140010b00     libvcruntime:undname.obj
 0002:00000b10       ??_C@_07JOMMBBKO@__ptr64@  0000000140010b10     libvcruntime:undname.obj
 0002:00000b18       ??_C@_0L@PILCLIHE@__restrict@ 0000000140010b18     libvcruntime:undname.obj
 0002:00000b28       ??_C@_0M@GFIIJFMG@__unaligned@ 0000000140010b28     libvcruntime:undname.obj
 0002:00000b38       ??_C@_09DHDLOLLB@restrict?$CI@ 0000000140010b38     libvcruntime:undname.obj
 0002:00000b42       ??_C@_00CNPNBAHC@@         0000000140010b42     libvcruntime:undname.obj
 0002:00000b44       ??_C@_04NIHEBCM@?5new@     0000000140010b44     libvcruntime:undname.obj
 0002:00000b50       ??_C@_07FPCDHGMM@?5delete@ 0000000140010b50     libvcruntime:undname.obj
 0002:00000b58       ??_C@_01NEMOKFLO@?$DN@     0000000140010b58     libvcruntime:undname.obj
 0002:00000b5c       ??_C@_02GPIOPFAK@?$DO?$DO@ 0000000140010b5c     libvcruntime:undname.obj
 0002:00000b60       ??_C@_02FODMEDOG@?$DM?$DM@ 0000000140010b60     libvcruntime:undname.obj
 0002:00000b64       ??_C@_01DCLJPIOD@?$CB@     0000000140010b64     libvcruntime:undname.obj
 0002:00000b68       ??_C@_02EGOFBIJA@?$DN?$DN@ 0000000140010b68     libvcruntime:undname.obj
 0002:00000b6c       ??_C@_02FDNJECIE@?$CB?$DN@ 0000000140010b6c     libvcruntime:undname.obj
 0002:00000b70       ??_C@_02GPECMEKF@?$FL?$FN@ 0000000140010b70     libvcruntime:undname.obj
 0002:00000b78       ??_C@_08LHJFAFGD@operator@ 0000000140010b78     libvcruntime:undname.obj
 0002:00000b84       ??_C@_02HBOOOICD@?9?$DO@   0000000140010b84     libvcruntime:undname.obj
 0002:00000b88       ??_C@_01NBENCBCI@?$CK@     0000000140010b88     libvcruntime:undname.obj
 0002:00000b8c       ??_C@_02ECNGHCIF@?$CL?$CL@ 0000000140010b8c     libvcruntime:undname.obj
 0002:00000b90       ??_C@_02BAABKJLB@?9?9@     0000000140010b90     libvcruntime:undname.obj
 0002:00000b94       ??_C@_01JOAMLHOP@?9@       0000000140010b94     libvcruntime:undname.obj
 0002:00000b98       ??_C@_01MIFGBAGJ@?$CL@     0000000140010b98     libvcruntime:undname.obj
 0002:00000b9c       ??_C@_01HNPIGOCE@?$CG@     0000000140010b9c     libvcruntime:undname.obj
 0002:00000ba0       ??_C@_03MNHNFDLC@?9?$DO?$CK@ 0000000140010ba0     libvcruntime:undname.obj
 0002:00000ba4       ??_C@_01KMDKNFGN@?1@       0000000140010ba4     libvcruntime:undname.obj
 0002:00000ba8       ??_C@_01FGNFDNOH@?$CF@     0000000140010ba8     libvcruntime:undname.obj
 0002:00000bac       ??_C@_01MNNFJEPP@?$DM@     0000000140010bac     libvcruntime:undname.obj
 0002:00000bb0       ??_C@_02EHCHHCKH@?$DM?$DN@ 0000000140010bb0     libvcruntime:undname.obj
 0002:00000bb4       ??_C@_01PPODPGHN@?$DO@     0000000140010bb4     libvcruntime:undname.obj
 0002:00000bb8       ??_C@_02EEKDKGMJ@?$DO?$DN@ 0000000140010bb8     libvcruntime:undname.obj
 0002:00000bbc       ??_C@_01IHBHIGKO@?0@       0000000140010bbc     libvcruntime:undname.obj
 0002:00000bc0       ??_C@_02HCKGKOFO@?$CI?$CJ@ 0000000140010bc0     libvcruntime:undname.obj
 0002:00000bc4       ??_C@_01PJKLJHI@?$HO@      0000000140010bc4     libvcruntime:undname.obj
 0002:00000bc8       ??_C@_01JKBOJNNK@?$FO@     0000000140010bc8     libvcruntime:undname.obj
 0002:00000bcc       ??_C@_01DNKMNLPK@?$HM@     0000000140010bcc     libvcruntime:undname.obj
 0002:00000bd0       ??_C@_02PPKAJPJL@?$CG?$CG@ 0000000140010bd0     libvcruntime:undname.obj
 0002:00000bd4       ??_C@_02NONPIBCD@?$HM?$HM@ 0000000140010bd4     libvcruntime:undname.obj
 0002:00000bd8       ??_C@_02FPIMKNGF@?$CK?$DN@ 0000000140010bd8     libvcruntime:undname.obj
 0002:00000bdc       ??_C@_02FOEOMHFC@?$CL?$DN@ 0000000140010bdc     libvcruntime:undname.obj
 0002:00000be0       ??_C@_02FKMDLLOA@?9?$DN@   0000000140010be0     libvcruntime:undname.obj
 0002:00000be4       ??_C@_02FJEHGPIO@?1?$DN@   0000000140010be4     libvcruntime:undname.obj
 0002:00000be8       ??_C@_02FENAOKFI@?$CF?$DN@ 0000000140010be8     libvcruntime:undname.obj
 0002:00000bec       ??_C@_03IKFCCPFF@?$DO?$DO?$DN@ 0000000140010bec     libvcruntime:undname.obj
 0002:00000bf0       ??_C@_03CDNPDDLA@?$DM?$DM?$DN@ 0000000140010bf0     libvcruntime:undname.obj
 0002:00000bf4       ??_C@_02FGJGFEAB@?$CG?$DN@ 0000000140010bf4     libvcruntime:undname.obj
 0002:00000bf8       ??_C@_02DHLNPPGH@?$HM?$DN@ 0000000140010bf8     libvcruntime:undname.obj
 0002:00000bfc       ??_C@_02MHEGNOJ@?$FO?$DN@  0000000140010bfc     libvcruntime:undname.obj
 0002:00000c00       ??_C@_09IFPLHPGF@?$GAvftable?8@ 0000000140010c00     libvcruntime:undname.obj
 0002:00000c10       ??_C@_09BLBHBJP@?$GAvbtable?8@ 0000000140010c10     libvcruntime:undname.obj
 0002:00000c20       ??_C@_07FEEIOKP@?$GAvcall?8@ 0000000140010c20     libvcruntime:undname.obj
 0002:00000c28       ??_C@_08LLFFHHDJ@?$GAtypeof?8@ 0000000140010c28     libvcruntime:undname.obj
 0002:00000c38       ??_C@_0BF@KDPPACIK@?$GAlocal?5static?5guard?8@ 0000000140010c38     libvcruntime:undname.obj
 0002:00000c50       ??_C@_08OBABFOLI@?$GAstring?8@ 0000000140010c50     libvcruntime:undname.obj
 0002:00000c60       ??_C@_0BD@JDLKDPAB@?$GAvbase?5destructor?8@ 0000000140010c60     libvcruntime:undname.obj
 0002:00000c78       ??_C@_0BN@DEGPLNFK@?$GAvector?5deleting?5destructor?8@ 0000000140010c78     libvcruntime:undname.obj
 0002:00000c98       ??_C@_0BO@OBMKPJIG@?$GAdefault?5constructor?5closure?8@ 0000000140010c98     libvcruntime:undname.obj
 0002:00000cb8       ??_C@_0BN@IMDCHIKM@?$GAscalar?5deleting?5destructor?8@ 0000000140010cb8     libvcruntime:undname.obj
 0002:00000cd8       ??_C@_0BO@PFGOCPJJ@?$GAvector?5constructor?5iterator?8@ 0000000140010cd8     libvcruntime:undname.obj
 0002:00000cf8       ??_C@_0BN@LFPFMEDL@?$GAvector?5destructor?5iterator?8@ 0000000140010cf8     libvcruntime:undname.obj
 0002:00000d18       ??_C@_0CE@IKBNEHA@?$GAvector?5vbase?5constructor?5itera@ 0000000140010d18     libvcruntime:undname.obj
 0002:00000d40       ??_C@_0BL@NILFHHPC@?$GAvirtual?5displacement?5map?8@ 0000000140010d40     libvcruntime:undname.obj
 0002:00000d60       ??_C@_0CB@JONCMFFK@?$GAeh?5vector?5constructor?5iterator@ 0000000140010d60     libvcruntime:undname.obj
 0002:00000d88       ??_C@_0CA@GCEOPDGL@?$GAeh?5vector?5destructor?5iterator?8@ 0000000140010d88     libvcruntime:undname.obj
 0002:00000da8       ??_C@_0CH@OOJPLCPH@?$GAeh?5vector?5vbase?5constructor?5it@ 0000000140010da8     libvcruntime:undname.obj
 0002:00000dd0       ??_C@_0BL@LLKPOHJI@?$GAcopy?5constructor?5closure?8@ 0000000140010dd0     libvcruntime:undname.obj
 0002:00000df0       ??_C@_0BA@KBCDOMBN@?$GAudt?5returning?8@ 0000000140010df0     libvcruntime:undname.obj
 0002:00000e00       ??_C@_03KLGMFNMG@?$GAEH@   0000000140010e00     libvcruntime:undname.obj
 0002:00000e04       ??_C@_05KHLCHHI@?$GARTTI@  0000000140010e04     libvcruntime:undname.obj
 0002:00000e10       ??_C@_0BA@KKLDJDLB@?$GAlocal?5vftable?8@ 0000000140010e10     libvcruntime:undname.obj
 0002:00000e20       ??_C@_0CE@IIHCMGGL@?$GAlocal?5vftable?5constructor?5clos@ 0000000140010e20     libvcruntime:undname.obj
 0002:00000e44       ??_C@_06FHBGPFGH@?5new?$FL?$FN@ 0000000140010e44     libvcruntime:undname.obj
 0002:00000e50       ??_C@_09LBNFPBCA@?5delete?$FL?$FN@ 0000000140010e50     libvcruntime:undname.obj
 0002:00000e60       ??_C@_0P@HJKNJFNN@?$GAomni?5callsig?8@ 0000000140010e60     libvcruntime:undname.obj
 0002:00000e70       ??_C@_0BL@CNOONJFP@?$GAplacement?5delete?5closure?8@ 0000000140010e70     libvcruntime:undname.obj
 0002:00000e90       ??_C@_0BN@CKNJLHMB@?$GAplacement?5delete?$FL?$FN?5closure?8@ 0000000140010e90     libvcruntime:undname.obj
 0002:00000eb0       ??_C@_0CG@CFDHKGGD@?$GAmanaged?5vector?5constructor?5ite@ 0000000140010eb0     libvcruntime:undname.obj
 0002:00000ed8       ??_C@_0CF@IMGKMJNO@?$GAmanaged?5vector?5destructor?5iter@ 0000000140010ed8     libvcruntime:undname.obj
 0002:00000f00       ??_C@_0CG@HLDDJMAG@?$GAeh?5vector?5copy?5constructor?5ite@ 0000000140010f00     libvcruntime:undname.obj
 0002:00000f28       ??_C@_0CM@FCBBDIGB@?$GAeh?5vector?5vbase?5copy?5construct@ 0000000140010f28     libvcruntime:undname.obj
 0002:00000f58       ??_C@_0BL@CLIPGLGB@?$GAdynamic?5initializer?5for?5?8@ 0000000140010f58     libvcruntime:undname.obj
 0002:00000f78       ??_C@_0CB@PDBIFEP@?$GAdynamic?5atexit?5destructor?5for?5@ 0000000140010f78     libvcruntime:undname.obj
 0002:00000fa0       ??_C@_0CD@CGAJBKEJ@?$GAvector?5copy?5constructor?5iterat@ 0000000140010fa0     libvcruntime:undname.obj
 0002:00000fc8       ??_C@_0CJ@GJELGAMM@?$GAvector?5vbase?5copy?5constructor?5@ 0000000140010fc8     libvcruntime:undname.obj
 0002:00000ff8       ??_C@_0CL@FGIJHLCE@?$GAmanaged?5vector?5copy?5constructo@ 0000000140010ff8     libvcruntime:undname.obj
 0002:00001028       ??_C@_0BM@PMGGMLDN@?$GAlocal?5static?5thread?5guard?8@ 0000000140011028     libvcruntime:undname.obj
 0002:00001048       ??_C@_0N@BDNMDMOL@operator?5?$CC?$CC?5@ 0000000140011048     libvcruntime:undname.obj
 0002:00001058       ??_C@_0BC@GGEBGALA@operator?5co_await@ 0000000140011058     libvcruntime:undname.obj
 0002:00001070       ??_C@_0M@GAAIMMOH@operator?$DM?$DN?$DO@ 0000000140011070     libvcruntime:undname.obj
 0002:00001080       ??_C@_0BC@DAFEJGAK@?5Type?5Descriptor?8@ 0000000140011080     libvcruntime:undname.obj
 0002:00001098       ??_C@_0BM@LDKODKLH@?5Base?5Class?5Descriptor?5at?5?$CI@ 0000000140011098     libvcruntime:undname.obj
 0002:000010b8       ??_C@_0BD@LGICGFMM@?5Base?5Class?5Array?8@ 00000001400110b8     libvcruntime:undname.obj
 0002:000010d0       ??_C@_0BN@MECKDCOJ@?5Class?5Hierarchy?5Descriptor?8@ 00000001400110d0     libvcruntime:undname.obj
 0002:000010f0       ??_C@_0BK@CFCOFLF@?5Complete?5Object?5Locator?8@ 00000001400110f0     libvcruntime:undname.obj
 0002:00001110       ??_C@_0BG@JNJLAMPM@?$GAanonymous?5namespace?8@ 0000000140011110     libvcruntime:undname.obj
 0002:00001140       ??_C@_1DM@KHCHBNEB@?$AAa?$AAp?$AAi?$AA?9?$AAm?$AAs?$AA?9?$AAw?$AAi?$AAn?$AA?9?$AAc?$AAo?$AAr?$AAe@ 0000000140011140     libvcruntime:winapi_downlevel.obj
 0002:00001180       ??_C@_1DK@LPPGFMPP@?$AAa?$AAp?$AAi?$AA?9?$AAm?$AAs?$AA?9?$AAw?$AAi?$AAn?$AA?9?$AAc?$AAo?$AAr?$AAe@ 0000000140011180     libvcruntime:winapi_downlevel.obj
 0002:000011c0       ??_C@_1BC@GDMECMAK@?$AAk?$AAe?$AAr?$AAn?$AAe?$AAl?$AA3?$AA2@ 00000001400111c0     libvcruntime:winapi_downlevel.obj
 0002:000011d8       ??_C@_1BA@PFFKHIOG@?$AAa?$AAp?$AAi?$AA?9?$AAm?$AAs?$AA?9@ 00000001400111d8     libvcruntime:winapi_downlevel.obj
 0002:000011f0       ??_C@_08KNHFBNJ@FlsAlloc@  00000001400111f0     libvcruntime:winapi_downlevel.obj
 0002:00001208       ??_C@_07PEJMOBNF@FlsFree@  0000000140011208     libvcruntime:winapi_downlevel.obj
 0002:00001218       ??_C@_0M@GDNOONDI@FlsGetValue@ 0000000140011218     libvcruntime:winapi_downlevel.obj
 0002:00001230       ??_C@_0M@JCPCPOEF@FlsSetValue@ 0000000140011230     libvcruntime:winapi_downlevel.obj
 0002:00001248       ??_C@_0BM@HCFOFFN@InitializeCriticalSectionEx@ 0000000140011248     libvcruntime:winapi_downlevel.obj
 0002:00001310       ??_7exception@std@@6B@     0000000140011310     libvcruntime:frame.obj
 0002:00001320       ??_C@_0BC@EOODALEL@Unknown?5exception@ 0000000140011320     libvcruntime:frame.obj
 0002:00001340       ??_7bad_exception@std@@6B@ 0000000140011340     libvcruntime:frame.obj
 0002:00001350       ??_C@_0O@DPKOEFFH@bad?5exception@ 0000000140011350     libvcruntime:frame.obj
 0002:00001360       __acrt_exception_action_table 0000000140011360     libucrt:exception_filter.obj
 0002:00001420       __acrt_signal_action_table_count 0000000140011420     libucrt:exception_filter.obj
 0002:00001428       __acrt_signal_action_first_fpe_index 0000000140011428     libucrt:exception_filter.obj
 0002:00001430       __acrt_signal_action_fpe_count 0000000140011430     libucrt:exception_filter.obj
 0002:000014b0       ??_C@_1BI@BGOHAHKC@?$AAm?$AAs?$AAc?$AAo?$AAr?$AAe?$AAe?$AA?4?$AAd?$AAl?$AAl@ 00000001400114b0     libucrt:exit.obj
 0002:000014c8       ??_C@_0P@MIGLKIOC@CorExitProcess@ 00000001400114c8     libucrt:exit.obj
 0002:00001788       ??_C@_1M@HPNHIDJI@?$AAj?$AAa?$AA?9?$AAJ?$AAP@ 0000000140011788     libucrt:mbctype.obj
 0002:00001798       ??_C@_1M@BIBDDEMK@?$AAz?$AAh?$AA?9?$AAC?$AAN@ 0000000140011798     libucrt:mbctype.obj
 0002:000017a8       ??_C@_1M@JLOOOEGK@?$AAk?$AAo?$AA?9?$AAK?$AAR@ 00000001400117a8     libucrt:mbctype.obj
 0002:000017b8       ??_C@_1M@CLNBBOPM@?$AAz?$AAh?$AA?9?$AAT?$AAW@ 00000001400117b8     libucrt:mbctype.obj
 0002:000017d0       __lc_time_c                00000001400117d0     libucrt:nlsdata.obj
 0002:00001a90       ??_C@_03KOEHGMDN@Sun@      0000000140011a90     libucrt:nlsdata.obj
 0002:00001a94       ??_C@_03PDAGKDH@Mon@       0000000140011a94     libucrt:nlsdata.obj
 0002:00001a98       ??_C@_03NAGEINEP@Tue@      0000000140011a98     libucrt:nlsdata.obj
 0002:00001a9c       ??_C@_03MHOMLAJA@Wed@      0000000140011a9c     libucrt:nlsdata.obj
 0002:00001aa0       ??_C@_03IOFIKPDN@Thu@      0000000140011aa0     libucrt:nlsdata.obj
 0002:00001aa4       ??_C@_03IDIOELNC@Fri@      0000000140011aa4     libucrt:nlsdata.obj
 0002:00001aa8       ??_C@_03FEFJNEK@Sat@       0000000140011aa8     libucrt:nlsdata.obj
 0002:00001aac       ??_C@_06OOPIFAJ@Sunday@    0000000140011aac     libucrt:nlsdata.obj
 0002:00001ab4       ??_C@_06JLEDEDGH@Monday@   0000000140011ab4     libucrt:nlsdata.obj
 0002:00001ac0       ??_C@_07BAAGCFCM@Tuesday@  0000000140011ac0     libucrt:nlsdata.obj
 0002:00001ac8       ??_C@_09DLIGFAKA@Wednesday@ 0000000140011ac8     libucrt:nlsdata.obj
 0002:00001ad8       ??_C@_08HACCIKIA@Thursday@ 0000000140011ad8     libucrt:nlsdata.obj
 0002:00001ae4       ??_C@_06JECMNKMI@Friday@   0000000140011ae4     libucrt:nlsdata.obj
 0002:00001af0       ??_C@_08INBOOONO@Saturday@ 0000000140011af0     libucrt:nlsdata.obj
 0002:00001afc       ??_C@_03JIHJHPIE@Jan@      0000000140011afc     libucrt:nlsdata.obj
 0002:00001b00       ??_C@_03HJBDCHOM@Feb@      0000000140011b00     libucrt:nlsdata.obj
 0002:00001b04       ??_C@_03ODNJBKGA@Mar@      0000000140011b04     libucrt:nlsdata.obj
 0002:00001b08       ??_C@_03LEOLGMJP@Apr@      0000000140011b08     libucrt:nlsdata.obj
 0002:00001b0c       ??_C@_03CNMDKL@May@        0000000140011b0c     libucrt:nlsdata.obj
 0002:00001b10       ??_C@_03IDFGHECI@Jun@      0000000140011b10     libucrt:nlsdata.obj
 0002:00001b14       ??_C@_03LBGABGKK@Jul@      0000000140011b14     libucrt:nlsdata.obj
 0002:00001b18       ??_C@_03IFJFEIGA@Aug@      0000000140011b18     libucrt:nlsdata.obj
 0002:00001b1c       ??_C@_03GGCAPAJC@Sep@      0000000140011b1c     libucrt:nlsdata.obj
 0002:00001b20       ??_C@_03BMAOKBAD@Oct@      0000000140011b20     libucrt:nlsdata.obj
 0002:00001b24       ??_C@_03JPJOFNIA@Nov@      0000000140011b24     libucrt:nlsdata.obj
 0002:00001b28       ??_C@_03MKABNOCG@Dec@      0000000140011b28     libucrt:nlsdata.obj
 0002:00001b30       ??_C@_07CGJPFGJA@January@  0000000140011b30     libucrt:nlsdata.obj
 0002:00001b38       ??_C@_08GNJGEPFN@February@ 0000000140011b38     libucrt:nlsdata.obj
 0002:00001b44       ??_C@_05HPCKOFNC@March@    0000000140011b44     libucrt:nlsdata.obj
 0002:00001b4c       ??_C@_05DMJDNLEJ@April@    0000000140011b4c     libucrt:nlsdata.obj
 0002:00001b54       ??_C@_04CNLMGBGM@June@     0000000140011b54     libucrt:nlsdata.obj
 0002:00001b5c       ??_C@_04MIEPOIFP@July@     0000000140011b5c     libucrt:nlsdata.obj
 0002:00001b64       ??_C@_06LBBHFDDG@August@   0000000140011b64     libucrt:nlsdata.obj
 0002:00001b70       ??_C@_09BHHEALKD@September@ 0000000140011b70     libucrt:nlsdata.obj
 0002:00001b80       ??_C@_07JJNFCEND@October@  0000000140011b80     libucrt:nlsdata.obj
 0002:00001b88       ??_C@_08HCHEGEOA@November@ 0000000140011b88     libucrt:nlsdata.obj
 0002:00001b98       ??_C@_08EDHMEBNP@December@ 0000000140011b98     libucrt:nlsdata.obj
 0002:00001ba4       ??_C@_02DEDBPAFC@AM@       0000000140011ba4     libucrt:nlsdata.obj
 0002:00001ba8       ??_C@_02CJNFDJBF@PM@       0000000140011ba8     libucrt:nlsdata.obj
 0002:00001bb0       ??_C@_08BPBNCDIB@MM?1dd?1yy@ 0000000140011bb0     libucrt:nlsdata.obj
 0002:00001bc0       ??_C@_0BE@CKGJFCPC@dddd?0?5MMMM?5dd?0?5yyyy@ 0000000140011bc0     libucrt:nlsdata.obj
 0002:00001bd8       ??_C@_08JCCMCCIL@HH?3mm?3ss@ 0000000140011bd8     libucrt:nlsdata.obj
 0002:00001be8       ??_C@_17MBGCMIPB@?$AAS?$AAu?$AAn@ 0000000140011be8     libucrt:nlsdata.obj
 0002:00001bf0       ??_C@_17KBOMKBF@?$AAM?$AAo?$AAn@ 0000000140011bf0     libucrt:nlsdata.obj
 0002:00001bf8       ??_C@_17BMKGEGOJ@?$AAT?$AAu?$AAe@ 0000000140011bf8     libucrt:nlsdata.obj
 0002:00001c00       ??_C@_17CJEDCEPE@?$AAW?$AAe?$AAd@ 0000000140011c00     libucrt:nlsdata.obj
 0002:00001c08       ??_C@_17PDPHAADD@?$AAT?$AAh?$AAu@ 0000000140011c08     libucrt:nlsdata.obj
 0002:00001c10       ??_C@_17HFOLPPLP@?$AAF?$AAr?$AAi@ 0000000140011c10     libucrt:nlsdata.obj
 0002:00001c18       ??_C@_17GGIBDPIH@?$AAS?$AAa?$AAt@ 0000000140011c18     libucrt:nlsdata.obj
 0002:00001c20       ??_C@_1O@IHNHDHPB@?$AAS?$AAu?$AAn?$AAd?$AAa?$AAy@ 0000000140011c20     libucrt:nlsdata.obj
 0002:00001c30       ??_C@_1O@MMNBFLIA@?$AAM?$AAo?$AAn?$AAd?$AAa?$AAy@ 0000000140011c30     libucrt:nlsdata.obj
 0002:00001c40       ??_C@_1BA@ENFBFFEK@?$AAT?$AAu?$AAe?$AAs?$AAd?$AAa?$AAy@ 0000000140011c40     libucrt:nlsdata.obj
 0002:00001c50       ??_C@_1BE@EBOGMDOH@?$AAW?$AAe?$AAd?$AAn?$AAe?$AAs?$AAd?$AAa?$AAy@ 0000000140011c50     libucrt:nlsdata.obj
 0002:00001c68       ??_C@_1BC@HHMNLIHE@?$AAT?$AAh?$AAu?$AAr?$AAs?$AAd?$AAa?$AAy@ 0000000140011c68     libucrt:nlsdata.obj
 0002:00001c80       ??_C@_1O@PDICJHAG@?$AAF?$AAr?$AAi?$AAd?$AAa?$AAy@ 0000000140011c80     libucrt:nlsdata.obj
 0002:00001c90       ??_C@_1BC@ENMNNPAJ@?$AAS?$AAa?$AAt?$AAu?$AAr?$AAd?$AAa?$AAy@ 0000000140011c90     libucrt:nlsdata.obj
 0002:00001ca8       ??_C@_17DKNBKCHM@?$AAJ?$AAa?$AAn@ 0000000140011ca8     libucrt:nlsdata.obj
 0002:00001cb0       ??_C@_17LMDJEKJN@?$AAF?$AAe?$AAb@ 0000000140011cb0     libucrt:nlsdata.obj
 0002:00001cb8       ??_C@_17CKNLEDEC@?$AAM?$AAa?$AAr@ 0000000140011cb8     libucrt:nlsdata.obj
 0002:00001cc0       ??_C@_17LFPOIHDD@?$AAA?$AAp?$AAr@ 0000000140011cc0     libucrt:nlsdata.obj
 0002:00001cc8       ??_C@_17PNNKMEED@?$AAM?$AAa?$AAy@ 0000000140011cc8     libucrt:nlsdata.obj
 0002:00001cd0       ??_C@_17KCJGOCPB@?$AAJ?$AAu?$AAn@ 0000000140011cd0     libucrt:nlsdata.obj
 0002:00001cd8       ??_C@_17IJPCKHK@?$AAJ?$AAu?$AAl@ 0000000140011cd8     libucrt:nlsdata.obj
 0002:00001ce0       ??_C@_17ICPELBCN@?$AAA?$AAu?$AAg@ 0000000140011ce0     libucrt:nlsdata.obj
 0002:00001ce8       ??_C@_17HCHCOKMG@?$AAS?$AAe?$AAp@ 0000000140011ce8     libucrt:nlsdata.obj
 0002:00001cf0       ??_C@_17FNLKOI@?$AAO?$AAc?$AAt@ 0000000140011cf0     libucrt:nlsdata.obj
 0002:00001cf8       ??_C@_17BBDMLCIG@?$AAN?$AAo?$AAv@ 0000000140011cf8     libucrt:nlsdata.obj
 0002:00001d00       ??_C@_17EGKACKIF@?$AAD?$AAe?$AAc@ 0000000140011d00     libucrt:nlsdata.obj
 0002:00001d08       ??_C@_1BA@EFMEIEBA@?$AAJ?$AAa?$AAn?$AAu?$AAa?$AAr?$AAy@ 0000000140011d08     libucrt:nlsdata.obj
 0002:00001d18       ??_C@_1BC@JGDDFFAM@?$AAF?$AAe?$AAb?$AAr?$AAu?$AAa?$AAr?$AAy@ 0000000140011d18     libucrt:nlsdata.obj
 0002:00001d30       ??_C@_1M@IKEENEDF@?$AAM?$AAa?$AAr?$AAc?$AAh@ 0000000140011d30     libucrt:nlsdata.obj
 0002:00001d40       ??_C@_1M@GJNLMHFD@?$AAA?$AAp?$AAr?$AAi?$AAl@ 0000000140011d40     libucrt:nlsdata.obj
 0002:00001d50       ??_C@_19EPFLPGAP@?$AAJ?$AAu?$AAn?$AAe@ 0000000140011d50     libucrt:nlsdata.obj
 0002:00001d60       ??_C@_19BIFMLPCD@?$AAJ?$AAu?$AAl?$AAy@ 0000000140011d60     libucrt:nlsdata.obj
 0002:00001d70       ??_C@_1O@PAHLKOAC@?$AAA?$AAu?$AAg?$AAu?$AAs?$AAt@ 0000000140011d70     libucrt:nlsdata.obj
 0002:00001d80       ??_C@_1BE@DKAAMBJL@?$AAS?$AAe?$AAp?$AAt?$AAe?$AAm?$AAb?$AAe?$AAr@ 0000000140011d80     libucrt:nlsdata.obj
 0002:00001d98       ??_C@_1BA@EPANDLNG@?$AAO?$AAc?$AAt?$AAo?$AAb?$AAe?$AAr@ 0000000140011d98     libucrt:nlsdata.obj
 0002:00001da8       ??_C@_1BC@BGLIFPF@?$AAN?$AAo?$AAv?$AAe?$AAm?$AAb?$AAe?$AAr@ 0000000140011da8     libucrt:nlsdata.obj
 0002:00001dc0       ??_C@_1BC@FEMKIFH@?$AAD?$AAe?$AAc?$AAe?$AAm?$AAb?$AAe?$AAr@ 0000000140011dc0     libucrt:nlsdata.obj
 0002:00001dd4       ??_C@_15ODEHAHHF@?$AAA?$AAM@ 0000000140011dd4     libucrt:nlsdata.obj
 0002:00001ddc       ??_C@_15CLMNNGEL@?$AAP?$AAM@ 0000000140011ddc     libucrt:nlsdata.obj
 0002:00001de8       ??_C@_1BC@IEBCMHCM@?$AAM?$AAM?$AA?1?$AAd?$AAd?$AA?1?$AAy?$AAy@ 0000000140011de8     libucrt:nlsdata.obj
 0002:00001e00       ??_C@_1CI@KNAKOEBC@?$AAd?$AAd?$AAd?$AAd?$AA?0?$AA?5?$AAM?$AAM?$AAM?$AAM?$AA?5?$AAd?$AAd?$AA?0?$AA?5@ 0000000140011e00     libucrt:nlsdata.obj
 0002:00001e28       ??_C@_1BC@GDGBMEMK@?$AAH?$AAH?$AA?3?$AAm?$AAm?$AA?3?$AAs?$AAs@ 0000000140011e28     libucrt:nlsdata.obj
 0002:00001e40       ??_C@_1M@BMHNFIME@?$AAe?$AAn?$AA?9?$AAU?$AAS@ 0000000140011e40     libucrt:nlsdata.obj
 0002:00001e50       __newctype                 0000000140011e50     libucrt:ctype.obj
 0002:00002150       __newclmap                 0000000140012150     libucrt:ctype.obj
 0002:000022d0       __newcumap                 00000001400122d0     libucrt:ctype.obj
 0002:00002450       ??_C@_15PJPFLCCM@?$AAu?$AAk@ 0000000140012450     libucrt:get_qualified_locale.obj
 0002:00002520       ??_C@_1EA@JGEFHKEI@?$AAa?$AAp?$AAi?$AA?9?$AAm?$AAs?$AA?9?$AAw?$AAi?$AAn?$AA?9?$AAc?$AAo?$AAr?$AAe@ 0000000140012520     libucrt:winapi_thunks.obj
 0002:00002560       ??_C@_1DM@LFJCLCKP@?$AAa?$AAp?$AAi?$AA?9?$AAm?$AAs?$AA?9?$AAw?$AAi?$AAn?$AA?9?$AAc?$AAo?$AAr?$AAe@ 0000000140012560     libucrt:winapi_thunks.obj
 0002:000025a0       ??_C@_1DI@KMEPCBPN@?$AAa?$AAp?$AAi?$AA?9?$AAm?$AAs?$AA?9?$AAw?$AAi?$AAn?$AA?9?$AAc?$AAo?$AAr?$AAe@ 00000001400125a0     libucrt:winapi_thunks.obj
 0002:000025d8       ??_C@_1DI@IJCEHOCB@?$AAa?$AAp?$AAi?$AA?9?$AAm?$AAs?$AA?9?$AAw?$AAi?$AAn?$AA?9?$AAc?$AAo?$AAr?$AAe@ 00000001400125d8     libucrt:winapi_thunks.obj
 0002:00002610       ??_C@_1DI@FFFOPEOO@?$AAa?$AAp?$AAi?$AA?9?$AAm?$AAs?$AA?9?$AAw?$AAi?$AAn?$AA?9?$AAc?$AAo?$AAr?$AAe@ 0000000140012610     libucrt:winapi_thunks.obj
 0002:00002650       ??_C@_1EI@MPIAOHOC@?$AAa?$AAp?$AAi?$AA?9?$AAm?$AAs?$AA?9?$AAw?$AAi?$AAn?$AA?9?$AAc?$AAo?$AAr?$AAe@ 0000000140012650     libucrt:winapi_thunks.obj
 0002:000026a0       ??_C@_1FK@FPHCKFIE@?$AAa?$AAp?$AAi?$AA?9?$AAm?$AAs?$AA?9?$AAw?$AAi?$AAn?$AA?9?$AAc?$AAo?$AAr?$AAe@ 00000001400126a0     libucrt:winapi_thunks.obj
 0002:00002700       ??_C@_1EM@DILCGIIO@?$AAa?$AAp?$AAi?$AA?9?$AAm?$AAs?$AA?9?$AAw?$AAi?$AAn?$AA?9?$AAc?$AAo?$AAr?$AAe@ 0000000140012700     libucrt:winapi_thunks.obj
 0002:00002750       ??_C@_1DM@LNCGDDPN@?$AAa?$AAp?$AAi?$AA?9?$AAm?$AAs?$AA?9?$AAw?$AAi?$AAn?$AA?9?$AAc?$AAo?$AAr?$AAe@ 0000000140012750     libucrt:winapi_thunks.obj
 0002:00002790       ??_C@_1DO@FPAPJEMD@?$AAa?$AAp?$AAi?$AA?9?$AAm?$AAs?$AA?9?$AAw?$AAi?$AAn?$AA?9?$AAc?$AAo?$AAr?$AAe@ 0000000140012790     libucrt:winapi_thunks.obj
 0002:000027d0       ??_C@_1DK@NDHNAHIO@?$AAa?$AAp?$AAi?$AA?9?$AAm?$AAs?$AA?9?$AAw?$AAi?$AAn?$AA?9?$AAc?$AAo?$AAr?$AAe@ 00000001400127d0     libucrt:winapi_thunks.obj
 0002:00002810       ??_C@_1DM@KGHDGBCM@?$AAa?$AAp?$AAi?$AA?9?$AAm?$AAs?$AA?9?$AAw?$AAi?$AAn?$AA?9?$AAc?$AAo?$AAr?$AAe@ 0000000140012810     libucrt:winapi_thunks.obj
 0002:00002850       ??_C@_1EO@IJIOEFOH@?$AAa?$AAp?$AAi?$AA?9?$AAm?$AAs?$AA?9?$AAw?$AAi?$AAn?$AA?9?$AAr?$AAt?$AAc?$AAo@ 0000000140012850     libucrt:winapi_thunks.obj
 0002:000028a0       ??_C@_1FG@HHGEKANL@?$AAa?$AAp?$AAi?$AA?9?$AAm?$AAs?$AA?9?$AAw?$AAi?$AAn?$AA?9?$AAs?$AAe?$AAc?$AAu@ 00000001400128a0     libucrt:winapi_thunks.obj
 0002:00002900       ??_C@_1EG@DBIOJECG@?$AAe?$AAx?$AAt?$AA?9?$AAm?$AAs?$AA?9?$AAw?$AAi?$AAn?$AA?9?$AAn?$AAt?$AAu?$AAs@ 0000000140012900     libucrt:winapi_thunks.obj
 0002:00002950       ??_C@_1EO@FIHMJCLF@?$AAe?$AAx?$AAt?$AA?9?$AAm?$AAs?$AA?9?$AAw?$AAi?$AAn?$AA?9?$AAn?$AAt?$AAu?$AAs@ 0000000140012950     libucrt:winapi_thunks.obj
 0002:000029a0       ??_C@_1BC@DNHGCMLG@?$AAa?$AAd?$AAv?$AAa?$AAp?$AAi?$AA3?$AA2@ 00000001400129a0     libucrt:winapi_thunks.obj
 0002:000029b8       ??_C@_1BG@CJPGBMEF@?$AAk?$AAe?$AAr?$AAn?$AAe?$AAl?$AAb?$AAa?$AAs?$AAe@ 00000001400129b8     libucrt:winapi_thunks.obj
 0002:000029d0       ??_C@_1M@OAIMIKLP@?$AAn?$AAt?$AAd?$AAl?$AAl@ 00000001400129d0     libucrt:winapi_thunks.obj
 0002:000029e0       ??_C@_1EG@DPGNFKGC@?$AAa?$AAp?$AAi?$AA?9?$AAm?$AAs?$AA?9?$AAw?$AAi?$AAn?$AA?9?$AAa?$AAp?$AAp?$AAm@ 00000001400129e0     libucrt:winapi_thunks.obj
 0002:00002a28       ??_C@_1O@BCCLBEOE@?$AAu?$AAs?$AAe?$AAr?$AA3?$AA2@ 0000000140012a28     libucrt:winapi_thunks.obj
 0002:00002a38       ??_C@_1BA@IAIFMGEF@?$AAe?$AAx?$AAt?$AA?9?$AAm?$AAs?$AA?9@ 0000000140012a38     libucrt:winapi_thunks.obj
 0002:00002a50       ??_C@_0BA@FHFNEAED@AreFileApisANSI@ 0000000140012a50     libucrt:winapi_thunks.obj
 0002:00002a68       ??_C@_0BA@IHGNDAEB@CompareStringEx@ 0000000140012a68     libucrt:winapi_thunks.obj
 0002:00002a80       ??_C@_0N@MFBBDCAC@FlsGetValue2@ 0000000140012a80     libucrt:winapi_thunks.obj
 0002:00002a98       ??_C@_0O@KKBNKAPF@LCMapStringEx@ 0000000140012a98     libucrt:winapi_thunks.obj
 0002:00002ab0       ??_C@_0BB@HBDEELFH@LocaleNameToLCID@ 0000000140012ab0     libucrt:winapi_thunks.obj
 0002:00002ac8       ??_C@_0CF@OJOFEIGO@AppPolicyGetProcessTerminationM@ 0000000140012ac8     libucrt:winapi_thunks.obj
 0002:00003930       ??_C@_15EMKDOKLE@?$AAa?$AAr@ 0000000140013930     libucrt:lcidtoname_downlevel.obj
 0002:00003938       ??_C@_15KNPADPLH@?$AAb?$AAg@ 0000000140013938     libucrt:lcidtoname_downlevel.obj
 0002:00003940       ??_C@_15EDMHLDMO@?$AAc?$AAa@ 0000000140013940     libucrt:lcidtoname_downlevel.obj
 0002:00003948       ??_C@_1O@BPEAJADD@?$AAz?$AAh?$AA?9?$AAC?$AAH?$AAS@ 0000000140013948     libucrt:lcidtoname_downlevel.obj
 0002:00003958       ??_C@_15LJNHCMNK@?$AAc?$AAs@ 0000000140013958     libucrt:lcidtoname_downlevel.obj
 0002:00003960       ??_C@_15FOMCIDHG@?$AAd?$AAa@ 0000000140013960     libucrt:lcidtoname_downlevel.obj
 0002:00003968       ??_C@_15NBKABECB@?$AAd?$AAe@ 0000000140013968     libucrt:lcidtoname_downlevel.obj
 0002:00003970       ??_C@_15GHPEIIAO@?$AAe?$AAl@ 0000000140013970     libucrt:lcidtoname_downlevel.obj
 0002:00003978       ??_C@_15MNPNEAIF@?$AAe?$AAn@ 0000000140013978     libucrt:lcidtoname_downlevel.obj
 0002:00003980       ??_C@_15GPIOMPMH@?$AAe?$AAs@ 0000000140013980     libucrt:lcidtoname_downlevel.obj
 0002:00003988       ??_C@_15NGLOAKJC@?$AAf?$AAi@ 0000000140013988     libucrt:lcidtoname_downlevel.obj
 0002:00003990       ??_C@_15FBKGNKAM@?$AAf?$AAr@ 0000000140013990     libucrt:lcidtoname_downlevel.obj
 0002:00003998       ??_C@_15KGGCNEFK@?$AAh?$AAe@ 0000000140013998     libucrt:lcidtoname_downlevel.obj
 0002:000039a0       ??_C@_15PGHLIDMF@?$AAh?$AAu@ 00000001400139a0     libucrt:lcidtoname_downlevel.obj
 0002:000039a8       ??_C@_15BIEMAPLM@?$AAi?$AAs@ 00000001400139a8     libucrt:lcidtoname_downlevel.obj
 0002:000039b0       ??_C@_15IFJLDHAF@?$AAi?$AAt@ 00000001400139b0     libucrt:lcidtoname_downlevel.obj
 0002:000039b8       ??_C@_15GEMIOCAG@?$AAj?$AAa@ 00000001400139b8     libucrt:lcidtoname_downlevel.obj
 0002:000039c0       ??_C@_15EPELEGJA@?$AAk?$AAo@ 00000001400139c0     libucrt:lcidtoname_downlevel.obj
 0002:000039c8       ??_C@_15NDDHIMN@?$AAn?$AAl@ 00000001400139c8     libucrt:lcidtoname_downlevel.obj
 0002:000039d0       ??_C@_15BPIGNHCD@?$AAn?$AAo@ 00000001400139d0     libucrt:lcidtoname_downlevel.obj
 0002:000039d8       ??_C@_15DEOPBLCG@?$AAp?$AAl@ 00000001400139d8     libucrt:lcidtoname_downlevel.obj
 0002:000039e0       ??_C@_15KBECGEFG@?$AAp?$AAt@ 00000001400139e0     libucrt:lcidtoname_downlevel.obj
 0002:000039e8       ??_C@_15GLJCBFMD@?$AAr?$AAo@ 00000001400139e8     libucrt:lcidtoname_downlevel.obj
 0002:000039f0       ??_C@_15FEDGKCDI@?$AAr?$AAu@ 00000001400139f0     libucrt:lcidtoname_downlevel.obj
 0002:000039f8       ??_C@_15GLKMLLHM@?$AAh?$AAr@ 00000001400139f8     libucrt:lcidtoname_downlevel.obj
 0002:00003a00       ??_C@_15CPKMFBDB@?$AAs?$AAk@ 0000000140013a00     libucrt:lcidtoname_downlevel.obj
 0002:00003a08       ??_C@_15BAAIOGMK@?$AAs?$AAq@ 0000000140013a08     libucrt:lcidtoname_downlevel.obj
 0002:00003a10       ??_C@_15INNPNOHD@?$AAs?$AAv@ 0000000140013a10     libucrt:lcidtoname_downlevel.obj
 0002:00003a18       ??_C@_15CABMMOGH@?$AAt?$AAh@ 0000000140013a18     libucrt:lcidtoname_downlevel.obj
 0002:00003a20       ??_C@_15BPLIHJJM@?$AAt?$AAr@ 0000000140013a20     libucrt:lcidtoname_downlevel.obj
 0002:00003a28       ??_C@_15NEOEKKDJ@?$AAu?$AAr@ 0000000140013a28     libucrt:lcidtoname_downlevel.obj
 0002:00003a30       ??_C@_15NFICGAJK@?$AAi?$AAd@ 0000000140013a30     libucrt:lcidtoname_downlevel.obj
 0002:00003a38       ??_C@_15HPJPHDM@?$AAb?$AAe@ 0000000140013a38     libucrt:lcidtoname_downlevel.obj
 0002:00003a40       ??_C@_15LCHLGJII@?$AAs?$AAl@ 0000000140013a40     libucrt:lcidtoname_downlevel.obj
 0002:00003a48       ??_C@_15PCFJPHHO@?$AAe?$AAt@ 0000000140013a48     libucrt:lcidtoname_downlevel.obj
 0002:00003a50       ??_C@_15HPFPGODN@?$AAl?$AAv@ 0000000140013a50     libucrt:lcidtoname_downlevel.obj
 0002:00003a58       ??_C@_15NFFGKGLG@?$AAl?$AAt@ 0000000140013a58     libucrt:lcidtoname_downlevel.obj
 0002:00003a60       ??_C@_15BDAKCCHN@?$AAf?$AAa@ 0000000140013a60     libucrt:lcidtoname_downlevel.obj
 0002:00003a68       ??_C@_15NFGIAIAJ@?$AAv?$AAi@ 0000000140013a68     libucrt:lcidtoname_downlevel.obj
 0002:00003a70       ??_C@_15LMKNDMHN@?$AAh?$AAy@ 0000000140013a70     libucrt:lcidtoname_downlevel.obj
 0002:00003a78       ??_C@_15IJBHMCFL@?$AAa?$AAz@ 0000000140013a78     libucrt:lcidtoname_downlevel.obj
[...]
 0002:00008780       $unwind$?destroy_ptd_array@@YAXQEAU__acrt_ptd@@@Z 0000000140018780     libucrt:per_thread_data.obj
 0002:00008788       $unwind$??$?RV<lambda_0ae27a3a962d80f24befdcbee591983d>@@AEAV<lambda_8d0ee55de4b1038c4002e0adecdf1839>@@V<lambda_dc504788e8f1664fe9b84e20bfb512f2>@@@?$__crt_seh_guarded_call@X@@QEAAX$$QEAV<lambda_0ae27a3a962d80f24befdcbee591983d>@@AEAV<lambda_8d0ee55de4b1038c4002e0adecdf1839>@@$$QEAV<lambda_dc504788e8f1664fe9b84e20bfb512f2>@@@Z 0000000140018788     libucrt:per_thread_data.obj
 0002:000087ac       $unwind$??$?RV<lambda_aa87e3671a710a21b5dc78c0bdf72e11>@@AEAV<lambda_92619d2358a28f41a33ba319515a20b9>@@V<lambda_6992ecaafeb10aed2b74cb1fae11a551>@@@?$__crt_seh_guarded_call@X@@QEAAX$$QEAV<lambda_aa87e3671a710a21b5dc78c0bdf72e11>@@AEAV<lambda_92619d2358a28f41a33ba319515a20b9>@@$$QEAV<lambda_6992ecaafeb10aed2b74cb1fae11a551>@@@Z 00000001400187ac     libucrt:per_thread_data.obj
 0002:000087d0       $unwind$??$?RV<lambda_f2e299630e499de9f9a165e60fcd3db5>@@AEAV<lambda_2ae9d31cdba2644fcbeaf08da7c24588>@@V<lambda_40d01ff24d0e7b3814fdbdcee8eab3c7>@@@?$__crt_seh_guarded_call@X@@QEAAX$$QEAV<lambda_f2e299630e499de9f9a165e60fcd3db5>@@AEAV<lambda_2ae9d31cdba2644fcbeaf08da7c24588>@@$$QEAV<lambda_40d01ff24d0e7b3814fdbdcee8eab3c7>@@@Z 00000001400187d0     libucrt:per_thread_data.obj
 0002:000087f4       $unwind$??$?RV<lambda_2d41944a1d46af3157314b8a01080d33>@@AEAV<lambda_8f455de75cd7d7f24b4096f044d8b9e6>@@V<lambda_aa500f224e6afead328df44964fe2772>@@@?$__crt_seh_guarded_call@X@@QEAAX$$QEAV<lambda_2d41944a1d46af3157314b8a01080d33>@@AEAV<lambda_8f455de75cd7d7f24b4096f044d8b9e6>@@$$QEAV<lambda_aa500f224e6afead328df44964fe2772>@@@Z 00000001400187f4     libucrt:per_thread_data.obj
 0002:00008818       $unwind$_invalid_parameter_noinfo 0000000140018818     libucrt:invalid_parameter.obj
 0002:00008820       $unwind$__acrt_call_reportfault 0000000140018820     libucrt:invalid_parameter.obj
 0002:00008840       $unwind$??$common_lseek_nolock@_J@@YA_JH_JHAEAV__crt_cached_ptd_host@@@Z 0000000140018840     libucrt:lseek.obj
 0002:00008840       $unwind$_invalid_parameter_internal 0000000140018840     libucrt:invalid_parameter.obj
 0002:00008854       $unwind$?get_raw_ptd_noexit@__crt_cached_ptd_host@@QEAAPEAU__acrt_ptd@@XZ 0000000140018854     libucrt:invalid_parameter.obj
 0002:00008864       $unwind$_invalid_parameter 0000000140018864     libucrt:invalid_parameter.obj
 0002:00008870       $unwind$__acrt_errno_from_os_error 0000000140018870     libucrt:errno.obj
 0002:00008880       $unwind$_calloc_base       0000000140018880     libucrt:calloc_base.obj
 0002:00008888       $unwind$_free_base         0000000140018888     libucrt:free_base.obj
 0002:00008890       $unwind$??$common_expand_argv_wildcards@D@@YAHQEAPEADQEAPEAPEAD@Z 0000000140018890     libucrt:argv_wildcards.obj
 0002:000088a8       $unwind$__dcrt_get_narrow_environment_from_os 00000001400188a8     libucrt:get_environment_from_os.obj
 0002:000088a8       $unwind$??$__acrt_convert_wcs_mbs_cp@_WDV<lambda_d8593a27d1aa8c02be35c86a17d324c4>@@U__crt_win32_buffer_internal_dynamic_resizing@@@@YAHQEB_WAEAV?$__crt_win32_buffer@DU__crt_win32_buffer_internal_dynamic_resizing@@@@AEBV<lambda_d8593a27d1aa8c02be35c86a17d324c4>@@I@Z 00000001400188a8     libucrt:argv_wildcards.obj
 0002:000088c0       $unwind$??$copy_and_add_argument_to_buffer@D@@YAHQEBD0_KAEAV?$argument_list@D@?A0x5f5c8891@@@Z 00000001400188c0     libucrt:argv_wildcards.obj
 0002:000088dc       $unwind$??$expand_argument_wildcards@D@@YAHQEAD0AEAV?$argument_list@D@?A0x5f5c8891@@@Z 00000001400188dc     libucrt:argv_wildcards.obj
 0002:000088fc       $unwind$__acrt_GetModuleFileNameA 00000001400188fc     libucrt:getmodulefilenamea.obj
 0002:00008918       $unwind$__dcrt_write_console 0000000140018918     libucrt:initcon.obj
 0002:00008918       $unwind$??$__acrt_convert_wcs_mbs_cp@_WDV<lambda_f788ae46380686e8b737efdd8c720d07>@@U__crt_win32_buffer_no_resizing@@@@YAHQEB_WAEAV?$__crt_win32_buffer@DU__crt_win32_buffer_no_resizing@@@@AEBV<lambda_f788ae46380686e8b737efdd8c720d07>@@I@Z 0000000140018918     libucrt:getmodulefilenamea.obj
 0002:0000892c       $unwind$_setmbcp_nolock    000000014001892c     libucrt:mbctype.obj
 0002:0000894c       $unwind$__dcrt_lowio_ensure_console_output_initialized 000000014001894c     libucrt:initcon.obj
 0002:0000894c       $unwind$?__mbrtowc_utf8@__crt_mbstring@@YA_KPEA_WPEBD_KPEAU_Mbstatet@@AEAV__crt_cached_ptd_host@@@Z 000000014001894c     libucrt:mbrtowc.obj
 0002:0000894c       $unwind$?getSystemCP@@YAHH@Z 000000014001894c     libucrt:mbctype.obj
 0002:00008954       $unwind$?update_thread_multibyte_data_internal@@YAPEAU__crt_multibyte_data@@QEAU__acrt_ptd@@QEAPEAU1@@Z 0000000140018954     libucrt:mbctype.obj
 0002:0000897c       $unwind$?setmbcp_internal@@YAHH_NQEAU__acrt_ptd@@QEAPEAU__crt_multibyte_data@@@Z 000000014001897c     libucrt:mbctype.obj
 0002:00008994       $unwind$?setSBUpLow@@YAXPEAU__crt_multibyte_data@@@Z 0000000140018994     libucrt:mbctype.obj
 0002:000089b0       $unwind$??$?RV<lambda_efdfa57d1f175319df784efa44bb7b81>@@AEAV<lambda_5f0a4c1567f8adc6734073e5d1e1b35c>@@V<lambda_2e8a7d3640ea6ccb4c2413664c2db6fd>@@@?$__crt_seh_guarded_call@X@@QEAAX$$QEAV<lambda_efdfa57d1f175319df784efa44bb7b81>@@AEAV<lambda_5f0a4c1567f8adc6734073e5d1e1b35c>@@$$QEAV<lambda_2e8a7d3640ea6ccb4c2413664c2db6fd>@@@Z 00000001400189b0     libucrt:mbctype.obj
 0002:000089d4       $unwind$?x_ismbbtype_l@@YAHPEAU__crt_locale_pointers@@IHH@Z 00000001400189d4     libucrt:ismbbyte.obj
 0002:000089d4       $unwind$_strnicmp_l        00000001400189d4     libucrt:strnicmp.obj
 0002:000089e4       $unwind$__acrt_WideCharToMultiByte 00000001400189e4     libucrt:widechartomultibyte.obj
 0002:000089f0       $unwind$??$common_set_variable_in_environment_nolock@D@@YAHQEADH@Z 00000001400189f0     libucrt:setenv.obj
 0002:00008a08       $unwind$??$copy_environment@D@@YAPEAPEADQEAPEAD@Z 0000000140018a08     libucrt:setenv.obj
 0002:00008a1c       $unwind$_free_osfhnd       0000000140018a1c     libucrt:osfinfo.obj
 0002:00008a30       $unwind$__acrt_lowio_destroy_handle_array 0000000140018a30     libucrt:osfinfo.obj
 0002:00008a40       $unwind$__acrt_lowio_ensure_fh_exists 0000000140018a40     libucrt:osfinfo.obj
 0002:00008a6c       $unwind$__acrt_initialize_lowio 0000000140018a6c     libucrt:ioinit.obj
 0002:00008a8c       $unwind$?initialize_inherited_file_handles_nolock@@YAXXZ 0000000140018a8c     libucrt:ioinit.obj
 0002:00008aa8       $unwind$__GSHandlerCheck_EH 0000000140018aa8     LIBCMT:gshandlereh.obj
 0002:00008aa8       $unwind$?initialize_stdio_handles_nolock@@YAXXZ 0000000140018aa8     libucrt:ioinit.obj
 0002:00008aa8       $unwind$__acrt_initialize_stdio 0000000140018aa8     libucrt:_file.obj
 0002:00008ac0       $unwind$__acrt_locale_free_monetary 0000000140018ac0     libucrt:initmon.obj
 0002:00008ac8       $unwind$__acrt_locale_free_time 0000000140018ac8     libucrt:inittime.obj
 0002:00008ad8       $unwind$_malloc_base       0000000140018ad8     libucrt:malloc_base.obj
 0002:00008ae0       $unwind$__acrt_GetStringTypeA 0000000140018ae0     libucrt:getstringtypea.obj
 0002:00008b08       $unwind$__acrt_update_thread_locale_data 0000000140018b08     libucrt:locale_refcounting.obj
 0002:00008b2c       $unwind$__acrt_CompareStringEx 0000000140018b2c     libucrt:winapi_thunks.obj
 0002:00008b2c       $unwind$__acrt_LCMapStringEx 0000000140018b2c     libucrt:winapi_thunks.obj
 0002:00008b40       $unwind$?try_get_function_slow@@YAPEAXW4function_id@?A0x391cf84c@@QEBDQEBW4module_id@2@2@Z 0000000140018b40     libucrt:winapi_thunks.obj
 0002:00008b5c       $unwind$_recalloc_base     0000000140018b5c     libucrt:recalloc.obj
 0002:00008b70       $unwind$__acrt_initialize_heap 0000000140018b70     libucrt:heap_handle.obj
 0002:00008b78       $unwind$_callnewh          0000000140018b78     libucrt:new_handler.obj
 0002:00008b84       $unwind$_query_new_handler 0000000140018b84     libucrt:new_handler.obj
 0002:00008ba4       $unwind$_query_new_handler$fin$0 0000000140018ba4     libucrt:new_handler.obj
 0002:00008bac       $unwind$_set_new_handler   0000000140018bac     libucrt:new_handler.obj
 0002:00008bd0       $unwind$_set_new_handler$fin$0 0000000140018bd0     libucrt:new_handler.obj
 0002:00008bd8       $unwind$raise              0000000140018bd8     libucrt:signal.obj
 0002:00008c18       $unwind$??$?RV<lambda_450d765d439847d4c735a33c368b5fc0>@@AEAV<lambda_44731a7d0e6d81c3e6aa82d741081786>@@V<lambda_601a2a7da3b7a96e9554ac7215c4b07c>@@@?$__crt_seh_guarded_call@P6AXH@Z@@QEAAP6AXH@Z$$QEAV<lambda_450d765d439847d4c735a33c368b5fc0>@@AEAV<lambda_44731a7d0e6d81c3e6aa82d741081786>@@$$QEAV<lambda_601a2a7da3b7a96e9554ac7215c4b07c>@@@Z 0000000140018c18     libucrt:signal.obj
 0002:00008c3c       $unwind$fclose             0000000140018c3c     libucrt:fclose.obj
 0002:00008c3c       $unwind$_fflush_nolock     0000000140018c3c     libucrt:fflush.obj
 0002:00008c4c       $unwind$?common_flush_all@@YAH_N@Z 0000000140018c4c     libucrt:fflush.obj
 0002:00008c54       $unwind$??$?RV<lambda_842d9ff0dc9ef11c61343bbaebe7f885>@@AEAV<lambda_c5860995281e5c4ce005b3de8f5874ee>@@V<lambda_d90129c13df834fdcbf8d2b88dafcf2d>@@@?$__crt_seh_guarded_call@X@@QEAAX$$QEAV<lambda_842d9ff0dc9ef11c61343bbaebe7f885>@@AEAV<lambda_c5860995281e5c4ce005b3de8f5874ee>@@$$QEAV<lambda_d90129c13df834fdcbf8d2b88dafcf2d>@@@Z 0000000140018c54     libucrt:fflush.obj
 0002:00008c78       $unwind$??$?RV<lambda_886d6c58226a84441f68b9f2b8217b83>@@AEAV<lambda_ab61a845afdef5b7c387490eaf3616ee>@@V<lambda_f7f22ab5edc0698d5f6905b0d3f44752>@@@?$__crt_seh_guarded_call@X@@QEAAX$$QEAV<lambda_886d6c58226a84441f68b9f2b8217b83>@@AEAV<lambda_ab61a845afdef5b7c387490eaf3616ee>@@$$QEAV<lambda_f7f22ab5edc0698d5f6905b0d3f44752>@@@Z 0000000140018c78     libucrt:fflush.obj
 0002:00008ca0       $unwind$?__mbrtoc32_utf8@__crt_mbstring@@YA_KPEA_UPEBD_KPEAU_Mbstatet@@AEAV__crt_cached_ptd_host@@@Z 0000000140018ca0     libucrt:mbrtoc32.obj
 0002:00008cbc       $unwind$?__mbsrtowcs_utf8@__crt_mbstring@@YA_KPEA_WPEAPEBD_KPEAU_Mbstatet@@AEAV__crt_cached_ptd_host@@@Z 0000000140018cbc     libucrt:mbrtowc.obj
 0002:00008cd8       $unwind$qsort              0000000140018cd8     libucrt:qsort.obj
 0002:00008cf0       $chain$3$qsort             0000000140018cf0     libucrt:qsort.obj
 0002:00008d10       $chain$4$qsort             0000000140018d10     libucrt:qsort.obj
 0002:00008d20       $unwind$strpbrk            0000000140018d20     libucrt:strpbrk.obj
 0002:00008d30       $unwind$fallbackMethod     0000000140018d30     libucrt:strpbrk.obj
 0002:00008d40       $unwind$_mbsdec_l          0000000140018d40     libucrt:mbsdec.obj
 0002:00008d4c       $unwind$__acrt_LCMapStringA 0000000140018d4c     libucrt:lcmapstringa.obj
 0002:00008d5c       $unwind$?__acrt_LCMapStringA_stat@@YAHPEAU__crt_locale_pointers@@PEB_WKPEBDHPEADHHH@Z 0000000140018d5c     libucrt:lcmapstringa.obj
 0002:00008d84       $unwind$_strnicoll         0000000140018d84     libucrt:strnicol.obj
 0002:00008d98       $chain$0$_strnicoll        0000000140018d98     libucrt:strnicol.obj
 0002:00008dac       $chain$1$_strnicoll        0000000140018dac     libucrt:strnicol.obj
 0002:00008dbc       $unwind$__acrt_SetEnvironmentVariableA 0000000140018dbc     libucrt:setenvironmentvariablea.obj
 0002:00008dd8       $unwind$_msize_base        0000000140018dd8     libucrt:msize.obj
 0002:00008de0       $unwind$_realloc_base      0000000140018de0     libucrt:realloc_base.obj
 0002:00008dec       $unwind$_commit            0000000140018dec     libucrt:commit.obj
 0002:00008df4       $unwind$??$?RV<lambda_a37b2b86f63e897a80ea819b0eb08c01>@@AEAV<lambda_38ce7e780aa69e748d6df282ebc68efe>@@V<lambda_99fb1378e971ab6e7edea83e3a7a83a2>@@@?$__crt_seh_guarded_call@H@@QEAAH$$QEAV<lambda_a37b2b86f63e897a80ea819b0eb08c01>@@AEAV<lambda_38ce7e780aa69e748d6df282ebc68efe>@@$$QEAV<lambda_99fb1378e971ab6e7edea83e3a7a83a2>@@@Z 0000000140018df4     libucrt:commit.obj
 0002:00008e18       $unwind$_write_nolock      0000000140018e18     libucrt:write.obj
 0002:00008e30       $unwind$_write_internal    0000000140018e30     libucrt:write.obj
 0002:00008e5c       $unwind$_write_internal$fin$0 0000000140018e5c     libucrt:write.obj
 0002:00008e5c       $unwind$?fin$0@?0??_fclose_internal@@YAHQEAU_iobuf@@AEAV__crt_cached_ptd_host@@@Z@4HA 0000000140018e5c     libucrt:fclose.obj
 0002:00008e64       $unwind$?write_double_translated_ansi_nolock@@YA?AUwrite_result@?A0x17268360@@HQEBDIAEAV__crt_cached_ptd_host@@@Z 0000000140018e64     libucrt:write.obj
 0002:00008e90       $ip2state$?write_double_translated_ansi_nolock@@YA?AUwrite_result@?A0x17268360@@HQEBDIAEAV__crt_cached_ptd_host@@@Z 0000000140018e90     libucrt:write.obj
 0002:00008e98       $unwind$?write_text_ansi_nolock@@YA?AUwrite_result@?A0x17268360@@HQEBDI@Z 0000000140018e98     libucrt:write.obj
 0002:00008e98       $unwind$?write_text_utf16le_nolock@@YA?AUwrite_result@?A0x17268360@@HQEBDI@Z 0000000140018e98     libucrt:write.obj
 0002:00008eb8       $unwind$?write_text_utf8_nolock@@YA?AUwrite_result@?A0x17268360@@HQEBDI@Z 0000000140018eb8     libucrt:write.obj
 0002:00008edc       $unwind$_fcloseall         0000000140018edc     libucrt:closeall.obj
 0002:00008f00       $unwind$_guard_check_icall 0000000140018f00     libucrt:checkcfg.obj
 0002:00008f0c       $unwind$__GSHandlerCheckCommon 0000000140018f0c     LIBCMT:gshandler.obj
 0002:00008f0c       $unwind$_strnicmp          0000000140018f0c     libucrt:strnicmp.obj
 0002:00008f14       $unwind$__acrt_CompareStringA 0000000140018f14     libucrt:comparestringa.obj
 0002:00008f24       $unwind$?InternalCompareStringA@@YAHPEAU__crt_locale_pointers@@PEB_WKPEBDH2HH@Z 0000000140018f24     libucrt:comparestringa.obj
 0002:00008f48       $unwind$_putwch_nolock     0000000140018f48     libucrt:putwch.obj
 0002:00008f50       $unwind$?_fclose_nolock_internal@@YAHQEAU_iobuf@@AEAV__crt_cached_ptd_host@@@Z 0000000140018f50     libucrt:fclose.obj
 0002:00008f60       $unwind$?_fclose_internal@@YAHQEAU_iobuf@@AEAV__crt_cached_ptd_host@@@Z 0000000140018f60     libucrt:fclose.obj
 0002:00008f88       $unwind$_close_internal    0000000140018f88     libucrt:close.obj
 0002:00008f90       $unwind$??$?RV<lambda_ad8af0d99a0adf03d037d7dffe354bb5>@@AEAV<lambda_c9ba49e555ba839a7b07aa3fbecb7617>@@V<lambda_2f1ebd5d68526518146ae959c9e734c8>@@@?$__crt_seh_guarded_call@H@@QEAAH$$QEAV<lambda_ad8af0d99a0adf03d037d7dffe354bb5>@@AEAV<lambda_c9ba49e555ba839a7b07aa3fbecb7617>@@$$QEAV<lambda_2f1ebd5d68526518146ae959c9e734c8>@@@Z 0000000140018f90     libucrt:close.obj
 0002:00008fb4       $unwind$__acrt_initialize_fma3 0000000140018fb4     libucrt:fma3_available.obj
 0002:00008fbc       $unwind$_IsNonwritableInCurrentImage 0000000140018fbc     LIBCMT:pesect.obj
 0002:00008fe0       $xdatasym                  0000000140018fe0     LIBCMT:amdsecgs.obj
 0002:00008fe4       $unwind$__report_gsfailure 0000000140018fe4     LIBCMT:gs_report.obj
 0002:00008fec       $unwind$capture_previous_context 0000000140018fec     LIBCMT:gs_report.obj
 0002:00008ff8       $xdatasym                  0000000140018ff8     LIBCMT:chkstk.obj
 0002:00009458       .idata$6                   0000000140019458     kernel32:KERNEL32.dll
 0003:00000090       ?__vcrt_flsindex@@3KA      000000014001a090     libvcruntime:per_thread_data.obj
 0003:000000b0       ?__acrt_flsindex@@3KA      000000014001a0b0     libucrt:per_thread_data.obj
 0003:000000c0       ?errno_no_memory@@3HA      000000014001a0c0     libucrt:errno.obj
 0003:000000c4       ?doserrno_no_memory@@3KA   000000014001a0c4     libucrt:errno.obj
 0003:00000300       _mbctypes                  000000014001a300     libucrt:mbctype.obj
 0003:00000410       _mbcasemaps                000000014001a410     libucrt:mbctype.obj
 0003:00000510       ?__rgctypeflag@@3PADA      000000014001a510     libucrt:mbctype.obj
 0003:00000520       ?__rgcode_page_info@@3PAUcode_page_info@@A 000000014001a520     libucrt:mbctype.obj
 0003:00000a40       ?__dcrt_lowio_console_output_handle@@3PEAXEA 000000014001aa40     libucrt:initcon.obj
 0003:00000ad0       g_windy_sink               000000014001aad0     c03_dispatch.obj
 0003:00000ae8       ?is_initialized_as_dll@@3_NA 000000014001aae8     LIBCMT:utility.obj
 0003:00000ae9       ?module_local_atexit_table_initialized@@3_NA 000000014001aae9     LIBCMT:utility.obj
 0003:00000af0       ?module_local_atexit_table@@3U_onexit_table_t@@A 000000014001aaf0     LIBCMT:utility.obj
 0003:00000b08       ?module_local_at_quick_exit_table@@3U_onexit_table_t@@A 000000014001ab08     LIBCMT:utility.obj
 0003:00000b60       ?__vcrt_startup_thread_ptd@@3U__vcrt_ptd@@A 000000014001ab60     libvcruntime:per_thread_data.obj
 0003:00000be0       __vcrt_lock_table          000000014001abe0     libvcruntime:locks.obj
 0003:00000c08       __vcrt_locks_initialized   000000014001ac08     libvcruntime:locks.obj
 0003:00000c10       ?module_handles@@3PAPEAUHINSTANCE__@@A 000000014001ac10     libvcruntime:winapi_downlevel.obj
 0003:00000c28       ?function_pointers@@3PAPEAXA 000000014001ac28     libvcruntime:winapi_downlevel.obj
 0003:00000c58       ?__acrt_app_type@@3W4_crt_app_type@@A 000000014001ac58     libucrt:report_runtime_error.obj
 0003:00000c60       ?user_matherr@@3V?$dual_state_global@P6AHPEAU_exception@@@Z@__crt_state_management@@A 000000014001ac60     libucrt:matherr.obj
 0003:00000c70       ?program_name@?1???$common_configure_argv@D@@YAHW4_crt_argv_mode@@@Z@4PADA 000000014001ac70     libucrt:argv_parsing.obj
 0003:00000d98       ?c_termination_complete@@3JA 000000014001ad98     libucrt:exit.obj
 0003:00000da0       ?thread_local_exit_callback_func@@3P6AXPEAXK0@ZEA 000000014001ada0     libucrt:exit.obj
 0003:00000da8       ?c_exit_complete@?1???R<lambda_6e4b09c48022b2350581041d5f6b0c4c>@@QEBA@XZ@4_NA 000000014001ada8     libucrt:exit.obj
 0003:00000de4       ?__acrt_global_new_mode@@3V?$dual_state_global@J@__crt_state_management@@A 000000014001ade4     libucrt:new_mode.obj
 0003:00000e28       ?__acrt_invalid_parameter_handler@@3V?$dual_state_global@P6AXPEB_W00I_K@Z@__crt_state_management@@A 000000014001ae28     libucrt:invalid_parameter.obj
 0003:00000e48       ?fSystemSet@@3HA           000000014001ae48     libucrt:mbctype.obj
 0003:00000e4c       ?initialized@?1??__acrt_initialize_multibyte@@9@4_NA 000000014001ae4c     libucrt:mbctype.obj
 0003:00000e50       ?__acrt_lock_table@@3PAU_RTL_CRITICAL_SECTION@@A 000000014001ae50     libucrt:locks.obj
 0003:000010a8       ?__acrt_locks_initialized@@3IA 000000014001b0a8     libucrt:locks.obj
 0003:000014c0       ?module_handles@@3PAPEAUHINSTANCE__@@A 000000014001b4c0     libucrt:winapi_thunks.obj
 0003:00001588       ?__acrt_new_handler@@3V?$dual_state_global@P6AH_K@Z@__crt_state_management@@A 000000014001b588     libucrt:new_handler.obj
 0003:00001590       ?ctrlc_action@@3V?$dual_state_global@P6AXH@Z@__crt_state_management@@A 000000014001b590     libucrt:signal.obj
 0003:00001598       ?ctrlbreak_action@@3V?$dual_state_global@P6AXH@Z@__crt_state_management@@A 000000014001b598     libucrt:signal.obj
 0003:000015a0       ?abort_action@@3V?$dual_state_global@P6AXH@Z@__crt_state_management@@A 000000014001b5a0     libucrt:signal.obj
 0003:000015a8       ?term_action@@3V?$dual_state_global@P6AXH@Z@__crt_state_management@@A 000000014001b5a8     libucrt:signal.obj
 0003:000015d0       ?internal_state@?1??_mbtowc_internal@@9@4U_Mbstatet@@A 000000014001b5d0     libucrt:mbtowc.obj
 0003:000015d8       ?internal_pst@?1??__mbrtoc32_utf8@__crt_mbstring@@YA_KPEA_UPEBD_KPEAU_Mbstatet@@AEAV__crt_cached_ptd_host@@@Z@4U3@A 000000014001b5d8     libucrt:mbrtoc32.obj
 0003:000015f0       GS_ExceptionRecord         000000014001b5f0     LIBCMT:gs_report.obj
 0003:00001690       GS_ContextRecord           000000014001b690     LIBCMT:gs_report.obj
 0005:00000000       ?function_pointers@@3PAPEAXA 000000014001d000     libucrt:winapi_thunks.obj
